Component: ARM Compiler 5.06 update 6 (build 750) Tool: armlink [4d35ed]

==============================================================================

Section Cross References

    startup_stm32f103xb.o(STACK) refers (Special) to heapauxi.o(.text) for __use_two_region_memory
    startup_stm32f103xb.o(HEAP) refers (Special) to heapauxi.o(.text) for __use_two_region_memory
    startup_stm32f103xb.o(RESET) refers (Special) to heapauxi.o(.text) for __use_two_region_memory
    startup_stm32f103xb.o(RESET) refers to startup_stm32f103xb.o(STACK) for __initial_sp
    startup_stm32f103xb.o(RESET) refers to startup_stm32f103xb.o(.text) for Reset_Handler
    startup_stm32f103xb.o(RESET) refers to stm32f1xx_it.o(i.NMI_Handler) for NMI_Handler
    startup_stm32f103xb.o(RESET) refers to stm32f1xx_it.o(i.HardFault_Handler) for HardFault_Handler
    startup_stm32f103xb.o(RESET) refers to stm32f1xx_it.o(i.MemManage_Handler) for MemManage_Handler
    startup_stm32f103xb.o(RESET) refers to stm32f1xx_it.o(i.BusFault_Handler) for BusFault_Handler
    startup_stm32f103xb.o(RESET) refers to stm32f1xx_it.o(i.UsageFault_Handler) for UsageFault_Handler
    startup_stm32f103xb.o(RESET) refers to stm32f1xx_it.o(i.SVC_Handler) for SVC_Handler
    startup_stm32f103xb.o(RESET) refers to stm32f1xx_it.o(i.DebugMon_Handler) for DebugMon_Handler
    startup_stm32f103xb.o(RESET) refers to stm32f1xx_it.o(i.PendSV_Handler) for PendSV_Handler
    startup_stm32f103xb.o(RESET) refers to stm32f1xx_it.o(i.SysTick_Handler) for SysTick_Handler
    startup_stm32f103xb.o(RESET) refers to stm32f1xx_it.o(i.DMA1_Channel2_IRQHandler) for DMA1_Channel2_IRQHandler
    startup_stm32f103xb.o(RESET) refers to stm32f1xx_it.o(i.DMA1_Channel5_IRQHandler) for DMA1_Channel5_IRQHandler
    startup_stm32f103xb.o(RESET) refers to stm32f1xx_it.o(i.USB_LP_CAN1_RX0_IRQHandler) for USB_LP_CAN1_RX0_IRQHandler
    startup_stm32f103xb.o(RESET) refers to stm32f1xx_it.o(i.TIM2_IRQHandler) for TIM2_IRQHandler
    startup_stm32f103xb.o(.text) refers (Special) to heapauxi.o(.text) for __use_two_region_memory
    startup_stm32f103xb.o(.text) refers to system_stm32f1xx.o(i.SystemInit) for SystemInit
    startup_stm32f103xb.o(.text) refers to __main.o(!!!main) for __main
    startup_stm32f103xb.o(.text) refers to startup_stm32f103xb.o(HEAP) for Heap_Mem
    startup_stm32f103xb.o(.text) refers to startup_stm32f103xb.o(STACK) for Stack_Mem
    main.o(i.Bip) refers to stm32f1xx_hal_tim.o(i.HAL_TIM_PWM_Start_IT) for HAL_TIM_PWM_Start_IT
    main.o(i.Bip) refers to stm32f1xx_hal.o(i.HAL_Delay) for HAL_Delay
    main.o(i.Bip) refers to stm32f1xx_hal_tim.o(i.HAL_TIM_PWM_Stop_IT) for HAL_TIM_PWM_Stop_IT
    main.o(i.Bip) refers to main.o(.data) for .data
    main.o(i.Bip) refers to main.o(.bss) for .bss
    main.o(i.MX_GPIO_Init) refers to stm32f1xx_hal_gpio.o(i.HAL_GPIO_WritePin) for HAL_GPIO_WritePin
    main.o(i.MX_GPIO_Init) refers to stm32f1xx_hal_gpio.o(i.HAL_GPIO_Init) for HAL_GPIO_Init
    main.o(i.MX_TIM2_Init) refers to rt_memclr_w.o(.text) for __aeabi_memclr4
    main.o(i.MX_TIM2_Init) refers to stm32f1xx_hal_tim.o(i.HAL_TIM_Base_Init) for HAL_TIM_Base_Init
    main.o(i.MX_TIM2_Init) refers to stm32f1xx_hal_tim.o(i.HAL_TIM_ConfigClockSource) for HAL_TIM_ConfigClockSource
    main.o(i.MX_TIM2_Init) refers to stm32f1xx_hal_tim.o(i.HAL_TIM_PWM_Init) for HAL_TIM_PWM_Init
    main.o(i.MX_TIM2_Init) refers to stm32f1xx_hal_tim_ex.o(i.HAL_TIMEx_MasterConfigSynchronization) for HAL_TIMEx_MasterConfigSynchronization
    main.o(i.MX_TIM2_Init) refers to stm32f1xx_hal_tim.o(i.HAL_TIM_PWM_ConfigChannel) for HAL_TIM_PWM_ConfigChannel
    main.o(i.MX_TIM2_Init) refers to stm32f1xx_hal_msp.o(i.HAL_TIM_MspPostInit) for HAL_TIM_MspPostInit
    main.o(i.MX_TIM2_Init) refers to main.o(.bss) for .bss
    main.o(i.MX_TIM3_Init) refers to rt_memclr_w.o(.text) for __aeabi_memclr4
    main.o(i.MX_TIM3_Init) refers to stm32f1xx_hal_tim.o(i.HAL_TIM_PWM_Init) for HAL_TIM_PWM_Init
    main.o(i.MX_TIM3_Init) refers to stm32f1xx_hal_tim_ex.o(i.HAL_TIMEx_MasterConfigSynchronization) for HAL_TIMEx_MasterConfigSynchronization
    main.o(i.MX_TIM3_Init) refers to stm32f1xx_hal_tim.o(i.HAL_TIM_PWM_ConfigChannel) for HAL_TIM_PWM_ConfigChannel
    main.o(i.MX_TIM3_Init) refers to stm32f1xx_hal_msp.o(i.HAL_TIM_MspPostInit) for HAL_TIM_MspPostInit
    main.o(i.MX_TIM3_Init) refers to main.o(.bss) for .bss
    main.o(i.MX_TIM4_Init) refers to rt_memclr_w.o(.text) for __aeabi_memclr4
    main.o(i.MX_TIM4_Init) refers to stm32f1xx_hal_tim.o(i.HAL_TIM_PWM_Init) for HAL_TIM_PWM_Init
    main.o(i.MX_TIM4_Init) refers to stm32f1xx_hal_tim_ex.o(i.HAL_TIMEx_MasterConfigSynchronization) for HAL_TIMEx_MasterConfigSynchronization
    main.o(i.MX_TIM4_Init) refers to stm32f1xx_hal_tim.o(i.HAL_TIM_PWM_ConfigChannel) for HAL_TIM_PWM_ConfigChannel
    main.o(i.MX_TIM4_Init) refers to stm32f1xx_hal_msp.o(i.HAL_TIM_MspPostInit) for HAL_TIM_MspPostInit
    main.o(i.MX_TIM4_Init) refers to main.o(.bss) for .bss
[...]
    I2C_WaitOnTXEFlagUntilTimeout            0x08002a89   Thumb Code    76  stm32f1xx_hal_i2c.o(i.I2C_WaitOnTXEFlagUntilTimeout)
    i.IntToUnicode                           0x08002ad4   Section        0  usbd_desc.o(i.IntToUnicode)
    IntToUnicode                             0x08002ad5   Thumb Code    56  usbd_desc.o(i.IntToUnicode)
    i.MX_GPIO_Init                           0x08002b0c   Section        0  main.o(i.MX_GPIO_Init)
    MX_GPIO_Init                             0x08002b0d   Thumb Code   170  main.o(i.MX_GPIO_Init)
    i.MX_TIM2_Init                           0x08002bc4   Section        0  main.o(i.MX_TIM2_Init)
    MX_TIM2_Init                             0x08002bc5   Thumb Code   148  main.o(i.MX_TIM2_Init)
    i.MX_TIM3_Init                           0x08002c5c   Section        0  main.o(i.MX_TIM3_Init)
    MX_TIM3_Init                             0x08002c5d   Thumb Code   100  main.o(i.MX_TIM3_Init)
    i.MX_TIM4_Init                           0x08002cc8   Section        0  main.o(i.MX_TIM4_Init)
    MX_TIM4_Init                             0x08002cc9   Thumb Code   100  main.o(i.MX_TIM4_Init)
    i.MX_USB_DEVICE_Init                     0x08002d34   Section        0  usb_device.o(i.MX_USB_DEVICE_Init)
    i.MemManage_Handler                      0x08002d88   Section        0  stm32f1xx_it.o(i.MemManage_Handler)
    i.NMI_Handler                            0x08002d8a   Section        0  stm32f1xx_it.o(i.NMI_Handler)
    i.PCD_EP_ISR_Handler                     0x08002d8c   Section        0  stm32f1xx_hal_pcd.o(i.PCD_EP_ISR_Handler)
    PCD_EP_ISR_Handler                       0x08002d8d   Thumb Code   788  stm32f1xx_hal_pcd.o(i.PCD_EP_ISR_Handler)
    i.PendSV_Handler                         0x080030a0   Section        0  stm32f1xx_it.o(i.PendSV_Handler)
    i.SVC_Handler                            0x080030a2   Section        0  stm32f1xx_it.o(i.SVC_Handler)
    i.SysTick_Handler                        0x080030a4   Section        0  stm32f1xx_it.o(i.SysTick_Handler)
    i.SystemClock_Config                     0x080030a8   Section        0  main.o(i.SystemClock_Config)
    i.SystemInit                             0x0800311e   Section        0  system_stm32f1xx.o(i.SystemInit)
    i.TIM2_IRQHandler                        0x08003120   Section        0  stm32f1xx_it.o(i.TIM2_IRQHandler)
    i.TIM_Base_SetConfig                     0x0800313c   Section        0  stm32f1xx_hal_tim.o(i.TIM_Base_SetConfig)
    i.TIM_CCxChannelCmd                      0x080031a8   Section        0  stm32f1xx_hal_tim.o(i.TIM_CCxChannelCmd)
    i.TIM_DMADelayPulseCplt                  0x080031c2   Section        0  stm32f1xx_hal_tim.o(i.TIM_DMADelayPulseCplt)
    TIM_DMADelayPulseCplt                    0x080031c3   Thumb Code    94  stm32f1xx_hal_tim.o(i.TIM_DMADelayPulseCplt)
    i.TIM_DMADelayPulseHalfCplt              0x08003220   Section        0  stm32f1xx_hal_tim.o(i.TIM_DMADelayPulseHalfCplt)
    i.TIM_DMAError                           0x08003258   Section        0  stm32f1xx_hal_tim.o(i.TIM_DMAError)
    i.TIM_ETR_SetConfig                      0x080032ac   Section        0  stm32f1xx_hal_tim.o(i.TIM_ETR_SetConfig)
    i.TIM_ITRx_SetConfig                     0x080032c0   Section        0  stm32f1xx_hal_tim.o(i.TIM_ITRx_SetConfig)
    TIM_ITRx_SetConfig                       0x080032c1   Thumb Code    16  stm32f1xx_hal_tim.o(i.TIM_ITRx_SetConfig)
    i.TIM_OC1_SetConfig                      0x080032d0   Section        0  stm32f1xx_hal_tim.o(i.TIM_OC1_SetConfig)
    TIM_OC1_SetConfig                        0x080032d1   Thumb Code    74  stm32f1xx_hal_tim.o(i.TIM_OC1_SetConfig)
    i.TIM_OC2_SetConfig                      0x08003320   Section        0  stm32f1xx_hal_tim.o(i.TIM_OC2_SetConfig)
    i.TIM_OC3_SetConfig                      0x08003378   Section        0  stm32f1xx_hal_tim.o(i.TIM_OC3_SetConfig)
    TIM_OC3_SetConfig                        0x08003379   Thumb Code    82  stm32f1xx_hal_tim.o(i.TIM_OC3_SetConfig)
    i.TIM_OC4_SetConfig                      0x080033d0   Section        0  stm32f1xx_hal_tim.o(i.TIM_OC4_SetConfig)
    TIM_OC4_SetConfig                        0x080033d1   Thumb Code    64  stm32f1xx_hal_tim.o(i.TIM_OC4_SetConfig)
    i.TIM_TI1_ConfigInputStage               0x08003414   Section        0  stm32f1xx_hal_tim.o(i.TIM_TI1_ConfigInputStage)
    TIM_TI1_ConfigInputStage                 0x08003415   Thumb Code    34  stm32f1xx_hal_tim.o(i.TIM_TI1_ConfigInputStage)
    i.TIM_TI2_ConfigInputStage               0x08003436   Section        0  stm32f1xx_hal_tim.o(i.TIM_TI2_ConfigInputStage)
    TIM_TI2_ConfigInputStage                 0x08003437   Thumb Code    36  stm32f1xx_hal_tim.o(i.TIM_TI2_ConfigInputStage)
    i.USBD_CUSTOM_HID_DataIn                 0x0800345a   Section        0  usbd_customhid.o(i.USBD_CUSTOM_HID_DataIn)
    USBD_CUSTOM_HID_DataIn                   0x0800345b   Thumb Code    14  usbd_customhid.o(i.USBD_CUSTOM_HID_DataIn)
    i.USBD_CUSTOM_HID_DataOut                0x08003468   Section        0  usbd_customhid.o(i.USBD_CUSTOM_HID_DataOut)
    USBD_CUSTOM_HID_DataOut                  0x08003469   Thumb Code    36  usbd_customhid.o(i.USBD_CUSTOM_HID_DataOut)
    i.USBD_CUSTOM_HID_DeInit                 0x0800348c   Section        0  usbd_customhid.o(i.USBD_CUSTOM_HID_DeInit)
    USBD_CUSTOM_HID_DeInit                   0x0800348d   Thumb Code    56  usbd_customhid.o(i.USBD_CUSTOM_HID_DeInit)
    i.USBD_CUSTOM_HID_EP0_RxReady            0x080034c4   Section        0  usbd_customhid.o(i.USBD_CUSTOM_HID_EP0_RxReady)
    USBD_CUSTOM_HID_EP0_RxReady              0x080034c5   Thumb Code    34  usbd_customhid.o(i.USBD_CUSTOM_HID_EP0_RxReady)
    i.USBD_CUSTOM_HID_GetDeviceQualifierDesc 0x080034e8   Section        0  usbd_customhid.o(i.USBD_CUSTOM_HID_GetDeviceQualifierDesc)
    USBD_CUSTOM_HID_GetDeviceQualifierDesc   0x080034e9   Thumb Code     8  usbd_customhid.o(i.USBD_CUSTOM_HID_GetDeviceQualifierDesc)
    i.USBD_CUSTOM_HID_GetFSCfgDesc           0x080034f4   Section        0  usbd_customhid.o(i.USBD_CUSTOM_HID_GetFSCfgDesc)
    USBD_CUSTOM_HID_GetFSCfgDesc             0x080034f5   Thumb Code     8  usbd_customhid.o(i.USBD_CUSTOM_HID_GetFSCfgDesc)
    i.USBD_CUSTOM_HID_GetHSCfgDesc           0x08003500   Section        0  usbd_customhid.o(i.USBD_CUSTOM_HID_GetHSCfgDesc)
    USBD_CUSTOM_HID_GetHSCfgDesc             0x08003501   Thumb Code     8  usbd_customhid.o(i.USBD_CUSTOM_HID_GetHSCfgDesc)
    i.USBD_CUSTOM_HID_GetOtherSpeedCfgDesc   0x0800350c   Section        0  usbd_customhid.o(i.USBD_CUSTOM_HID_GetOtherSpeedCfgDesc)
    USBD_CUSTOM_HID_GetOtherSpeedCfgDesc     0x0800350d   Thumb Code     8  usbd_customhid.o(i.USBD_CUSTOM_HID_GetOtherSpeedCfgDesc)
    i.USBD_CUSTOM_HID_Init                   0x08003518   Section        0  usbd_customhid.o(i.USBD_CUSTOM_HID_Init)
    USBD_CUSTOM_HID_Init                     0x08003519   Thumb Code    84  usbd_customhid.o(i.USBD_CUSTOM_HID_Init)
    i.USBD_CUSTOM_HID_RegisterInterface      0x0800356c   Section        0  usbd_customhid.o(i.USBD_CUSTOM_HID_RegisterInterface)
    i.USBD_CUSTOM_HID_SendReport             0x0800357c   Section        0  usbd_customhid.o(i.USBD_CUSTOM_HID_SendReport)
    i.USBD_CUSTOM_HID_Setup                  0x080035a8   Section        0  usbd_customhid.o(i.USBD_CUSTOM_HID_Setup)
    USBD_CUSTOM_HID_Setup                    0x080035a9   Thumb Code   218  usbd_customhid.o(i.USBD_CUSTOM_HID_Setup)
    i.USBD_ClrClassConfig                    0x08003688   Section        0  usbd_core.o(i.USBD_ClrClassConfig)
    i.USBD_CtlContinueRx                     0x08003696   Section        0  usbd_ioreq.o(i.USBD_CtlContinueRx)
    i.USBD_CtlContinueSendData               0x080036a6   Section        0  usbd_ioreq.o(i.USBD_CtlContinueSendData)
    i.USBD_CtlError                          0x080036b6   Section        0  usbd_ctlreq.o(i.USBD_CtlError)
    i.USBD_CtlPrepareRx                      0x080036cc   Section        0  usbd_ioreq.o(i.USBD_CtlPrepareRx)
    i.USBD_CtlReceiveStatus                  0x080036ea   Section        0  usbd_ioreq.o(i.USBD_CtlReceiveStatus)
    i.USBD_CtlSendData                       0x08003700   Section        0  usbd_ioreq.o(i.USBD_CtlSendData)
    i.USBD_CtlSendStatus                     0x0800371a   Section        0  usbd_ioreq.o(i.USBD_CtlSendStatus)
    i.USBD_FS_ConfigStrDescriptor            0x08003730   Section        0  usbd_desc.o(i.USBD_FS_ConfigStrDescriptor)
    i.USBD_FS_DeviceDescriptor               0x08003758   Section        0  usbd_desc.o(i.USBD_FS_DeviceDescriptor)
    i.USBD_FS_InterfaceStrDescriptor         0x08003764   Section        0  usbd_desc.o(i.USBD_FS_InterfaceStrDescriptor)
    i.USBD_FS_LangIDStrDescriptor            0x08003790   Section        0  usbd_desc.o(i.USBD_FS_LangIDStrDescriptor)
    i.USBD_FS_ManufacturerStrDescriptor      0x0800379c   Section        0  usbd_desc.o(i.USBD_FS_ManufacturerStrDescriptor)
    i.USBD_FS_ProductStrDescriptor           0x080037c0   Section        0  usbd_desc.o(i.USBD_FS_ProductStrDescriptor)
    i.USBD_FS_SerialStrDescriptor            0x080037f4   Section        0  usbd_desc.o(i.USBD_FS_SerialStrDescriptor)
    i.USBD_GetDescriptor                     0x0800382c   Section        0  usbd_ctlreq.o(i.USBD_GetDescriptor)
    USBD_GetDescriptor                       0x0800382d   Thumb Code   232  usbd_ctlreq.o(i.USBD_GetDescriptor)
    i.USBD_GetString                         0x08003914   Section        0  usbd_ctlreq.o(i.USBD_GetString)
    i.USBD_Get_USB_Status                    0x0800395c   Section        0  usbd_conf.o(i.USBD_Get_USB_Status)
    USBD_Get_USB_Status                      0x0800395d   Thumb Code    24  usbd_conf.o(i.USBD_Get_USB_Status)
    i.USBD_Init                              0x08003974   Section        0  usbd_core.o(i.USBD_Init)
    i.USBD_LL_ClearStallEP                   0x0800399e   Section        0  usbd_conf.o(i.USBD_LL_ClearStallEP)
    i.USBD_LL_CloseEP                        0x080039b0   Section        0  usbd_conf.o(i.USBD_LL_CloseEP)
    i.USBD_LL_DataInStage                    0x080039c2   Section        0  usbd_core.o(i.USBD_LL_DataInStage)
    i.USBD_LL_DataOutStage                   0x08003a88   Section        0  usbd_core.o(i.USBD_LL_DataOutStage)
    i.USBD_LL_Init                           0x08003b0c   Section        0  usbd_conf.o(i.USBD_LL_Init)
    i.USBD_LL_IsStallEP                      0x08003b7c   Section        0  usbd_conf.o(i.USBD_LL_IsStallEP)
    i.USBD_LL_OpenEP                         0x08003b9c   Section        0  usbd_conf.o(i.USBD_LL_OpenEP)
    i.USBD_LL_PrepareReceive                 0x08003bb4   Section        0  usbd_conf.o(i.USBD_LL_PrepareReceive)
    i.USBD_LL_Reset                          0x08003bc6   Section        0  usbd_core.o(i.USBD_LL_Reset)
    i.USBD_LL_Resume                         0x08003c16   Section        0  usbd_core.o(i.USBD_LL_Resume)
    i.USBD_LL_SOF                            0x08003c2a   Section        0  usbd_core.o(i.USBD_LL_SOF)
    i.USBD_LL_SetSpeed                       0x08003c42   Section        0  usbd_core.o(i.USBD_LL_SetSpeed)
    i.USBD_LL_SetUSBAddress                  0x08003c48   Section        0  usbd_conf.o(i.USBD_LL_SetUSBAddress)
    i.USBD_LL_SetupStage                     0x08003c5a   Section        0  usbd_core.o(i.USBD_LL_SetupStage)
    i.USBD_LL_StallEP                        0x08003cb4   Section        0  usbd_conf.o(i.USBD_LL_StallEP)
    i.USBD_LL_Start                          0x08003cc6   Section        0  usbd_conf.o(i.USBD_LL_Start)
    i.USBD_LL_Suspend                        0x08003cd8   Section        0  usbd_core.o(i.USBD_LL_Suspend)
    i.USBD_LL_Transmit                       0x08003cea   Section        0  usbd_conf.o(i.USBD_LL_Transmit)
    i.USBD_ParseSetupRequest                 0x08003cfc   Section        0  usbd_ctlreq.o(i.USBD_ParseSetupRequest)
    i.USBD_RegisterClass                     0x08003d24   Section        0  usbd_core.o(i.USBD_RegisterClass)
    i.USBD_SetClassConfig                    0x08003d34   Section        0  usbd_core.o(i.USBD_SetClassConfig)
    i.USBD_SetConfig                         0x08003d4c   Section        0  usbd_ctlreq.o(i.USBD_SetConfig)
    USBD_SetConfig                           0x08003d4d   Thumb Code   128  usbd_ctlreq.o(i.USBD_SetConfig)
    i.USBD_Start                             0x08003dd0   Section        0  usbd_core.o(i.USBD_Start)
    i.USBD_StdDevReq                         0x08003dda   Section        0  usbd_ctlreq.o(i.USBD_StdDevReq)
    i.USBD_StdEPReq                          0x08003eec   Section        0  usbd_ctlreq.o(i.USBD_StdEPReq)
    i.USBD_StdItfReq                         0x0800403c   Section        0  usbd_ctlreq.o(i.USBD_StdItfReq)
    i.USBD_static_free                       0x0800408a   Section        0  usbd_conf.o(i.USBD_static_free)
    i.USBD_static_malloc                     0x0800408c   Section        0  usbd_conf.o(i.USBD_static_malloc)
    i.USB_ActivateEndpoint                   0x08004094   Section        0  stm32f1xx_ll_usb.o(i.USB_ActivateEndpoint)
    i.USB_CoreInit                           0x080042ec   Section        0  stm32f1xx_ll_usb.o(i.USB_CoreInit)
    i.USB_DeactivateEndpoint                 0x080042f0   Section        0  stm32f1xx_ll_usb.o(i.USB_DeactivateEndpoint)
    i.USB_DevConnect                         0x080043fe   Section        0  stm32f1xx_ll_usb.o(i.USB_DevConnect)
    i.USB_DevDisconnect                      0x08004402   Section        0  stm32f1xx_ll_usb.o(i.USB_DevDisconnect)
    i.USB_DevInit                            0x08004406   Section        0  stm32f1xx_ll_usb.o(i.USB_DevInit)
    i.USB_DisableGlobalInt                   0x08004418   Section        0  stm32f1xx_ll_usb.o(i.USB_DisableGlobalInt)
    i.USB_EP0_OutStart                       0x08004426   Section        0  stm32f1xx_ll_usb.o(i.USB_EP0_OutStart)
    i.USB_EPClearStall                       0x0800442a   Section        0  stm32f1xx_ll_usb.o(i.USB_EPClearStall)
    i.USB_EPSetStall                         0x080044a2   Section        0  stm32f1xx_ll_usb.o(i.USB_EPSetStall)
    i.USB_EPStartXfer                        0x080044d4   Section        0  stm32f1xx_ll_usb.o(i.USB_EPStartXfer)
    i.USB_EnableGlobalInt                    0x08004ae0   Section        0  stm32f1xx_ll_usb.o(i.USB_EnableGlobalInt)
    i.USB_LP_CAN1_RX0_IRQHandler             0x08004af4   Section        0  stm32f1xx_it.o(i.USB_LP_CAN1_RX0_IRQHandler)
    i.USB_ReadInterrupts                     0x08004b00   Section        0  stm32f1xx_ll_usb.o(i.USB_ReadInterrupts)
    i.USB_ReadPMA                            0x08004b08   Section        0  stm32f1xx_ll_usb.o(i.USB_ReadPMA)
    i.USB_SetCurrentMode                     0x08004b34   Section        0  stm32f1xx_ll_usb.o(i.USB_SetCurrentMode)
    i.USB_SetDevAddress                      0x08004b38   Section        0  stm32f1xx_ll_usb.o(i.USB_SetDevAddress)
    i.USB_WritePMA                           0x08004b44   Section        0  stm32f1xx_ll_usb.o(i.USB_WritePMA)
    i.UsageFault_Handler                     0x08004b6a   Section        0  stm32f1xx_it.o(i.UsageFault_Handler)
    i.__NVIC_SetPriority                     0x08004b6c   Section        0  stm32f1xx_hal_cortex.o(i.__NVIC_SetPriority)
    __NVIC_SetPriority                       0x08004b6d   Thumb Code    32  stm32f1xx_hal_cortex.o(i.__NVIC_SetPriority)
    i.checkLight                             0x08004b8c   Section        0  main.o(i.checkLight)
    i.checkPinPad                            0x08004bc0   Section        0  main.o(i.checkPinPad)
    i.main                                   0x08004c7c   Section        0  main.o(i.main)
    i.ws2811_init                            0x08004ee0   Section        0  main.o(i.ws2811_init)
    i.ws2811_setcolor                        0x08004f20   Section        0  main.o(i.ws2811_setcolor)
    i.ws2811_setcolor_1                      0x08004fb0   Section        0  main.o(i.ws2811_setcolor_1)
    .constdata                               0x08005040   Section       16  system_stm32f1xx.o(.constdata)
    .constdata                               0x08005050   Section        8  system_stm32f1xx.o(.constdata)
    .data                                    0x20000000   Section       40  main.o(.data)
    .data                                    0x20000028   Section       12  stm32f1xx_hal.o(.data)
    .data                                    0x20000034   Section        4  system_stm32f1xx.o(.data)
    .data                                    0x20000038   Section       28  usbd_desc.o(.data)
    .data                                    0x20000054   Section       50  usbd_desc.o(.data)
    .data                                    0x20000088   Section      108  usbd_custom_hid_if.o(.data)
    CUSTOM_HID_ReportDesc_FS                 0x20000088   Data         108  usbd_custom_hid_if.o(.data)
    .data                                    0x200000f4   Section       16  usbd_custom_hid_if.o(.data)
    .data                                    0x20000104   Section        4  usbd_custom_hid_if.o(.data)
    .data                                    0x20000108   Section        1  usbd_ctlreq.o(.data)
    cfgidx                                   0x20000108   Data           1  usbd_ctlreq.o(.data)
    .data                                    0x2000010c   Section       56  usbd_customhid.o(.data)
    .data                                    0x20000144   Section      154  usbd_customhid.o(.data)
    USBD_CUSTOM_HID_CfgFSDesc                0x20000144   Data          41  usbd_customhid.o(.data)
    USBD_CUSTOM_HID_CfgHSDesc                0x20000170   Data          41  usbd_customhid.o(.data)
    USBD_CUSTOM_HID_OtherSpeedCfgDesc        0x2000019c   Data          41  usbd_customhid.o(.data)
    USBD_CUSTOM_HID_Desc                     0x200001c8   Data           9  usbd_customhid.o(.data)
    USBD_CUSTOM_HID_DeviceQualifierDesc      0x200001d4   Data          10  usbd_customhid.o(.data)
    .bss                                     0x200001e0   Section     1473  main.o(.bss)
    .bss                                     0x200007a4   Section       68  main.o(.bss)
    .bss                                     0x200007e8   Section       68  main.o(.bss)
    .bss                                     0x2000082c   Section      708  usb_device.o(.bss)
    .bss                                     0x20000af0   Section      512  usbd_desc.o(.bss)
    .bss                                     0x20000cf0   Section      792  usbd_conf.o(.bss)
    mem                                      0x20000cf0   Data          44  usbd_conf.o(.bss)
    .bss                                     0x20001008   Section       96  libspace.o(.bss)
    HEAP                                     0x20001068   Section      512  startup_stm32f103xb.o(HEAP)
    Heap_Mem                                 0x20001068   Data         512  startup_stm32f103xb.o(HEAP)
    STACK                                    0x20001268   Section     1024  startup_stm32f103xb.o(STACK)
    Stack_Mem                                0x20001268   Data        1024  startup_stm32f103xb.o(STACK)
    __initial_sp                             0x20001668   Data           0  startup_stm32f103xb.o(STACK)

    Global Symbols

    Symbol Name                              Value     Ov Type        Size  Object(Section)

    BuildAttributes$$THM_ISAv4$P$D$K$B$S$PE$A:L22UL41UL21$X:L11$S22US41US21$IEEE1$IW$USESV6$~STKCKD$USESV7$~SHL$OSPACE$ROPI$EBA8$UX$STANDARDLIB$REQ8$PRES8$EABIv2 0x00000000   Number         0  anon$$obj.o ABSOLUTE
    __ARM_use_no_argv                        0x00000000   Number         0  main.o ABSOLUTE
    __ARM_exceptions_init                     - Undefined Weak Reference
    __alloca_initialize                       - Undefined Weak Reference
    __arm_preinit_                            - Undefined Weak Reference
    __cpp_initialize__aeabi_                  - Undefined Weak Reference
    __cxa_finalize                            - Undefined Weak Reference
    __rt_locale                               - Undefined Weak Reference
    __sigvec_lookup                           - Undefined Weak Reference
    _atexit_init                              - Undefined Weak Reference
    _call_atexit_fns                          - Undefined Weak Reference
    _clock_init                               - Undefined Weak Reference
    _fp_trap_init                             - Undefined Weak Reference
    _fp_trap_shutdown                         - Undefined Weak Reference
    _get_lc_collate                           - Undefined Weak Reference
    _get_lc_ctype                             - Undefined Weak Reference
    _get_lc_monetary                          - Undefined Weak Reference
    _get_lc_numeric                           - Undefined Weak Reference
    _get_lc_time                              - Undefined Weak Reference
    _getenv_init                              - Undefined Weak Reference
    _handle_redirection                       - Undefined Weak Reference
    _init_alloc                               - Undefined Weak Reference
    _init_user_alloc                          - Undefined Weak Reference
    _initio                                   - Undefined Weak Reference
    _rand_init                                - Undefined Weak Reference
    _signal_finish                            - Undefined Weak Reference
    _signal_init                              - Undefined Weak Reference
    _terminate_alloc                          - Undefined Weak Reference
    _terminate_user_alloc                     - Undefined Weak Reference
    _terminateio                              - Undefined Weak Reference
    __Vectors_Size                           0x000000ec   Number         0  startup_stm32f103xb.o ABSOLUTE
    __Vectors                                0x08000000   Data           4  startup_stm32f103xb.o(RESET)
    __Vectors_End                            0x080000ec   Data           0  startup_stm32f103xb.o(RESET)
    __main                                   0x080000ed   Thumb Code     8  __main.o(!!!main)
    __scatterload                            0x080000f5   Thumb Code     0  __scatter.o(!!!scatter)
    __scatterload_rt2                        0x080000f5   Thumb Code    44  __scatter.o(!!!scatter)
    __scatterload_rt2_thumb_only             0x080000f5   Thumb Code     0  __scatter.o(!!!scatter)
    __scatterload_null                       0x08000103   Thumb Code     0  __scatter.o(!!!scatter)
    __decompress                             0x08000129   Thumb Code    90  __dczerorl2.o(!!dczerorl2)
    __decompress1                            0x08000129   Thumb Code     0  __dczerorl2.o(!!dczerorl2)
    __scatterload_zeroinit                   0x08000185   Thumb Code    28  __scatter_zi.o(!!handler_zi)
    __rt_lib_init                            0x080001a1   Thumb Code     0  libinit.o(.ARM.Collect$$libinit$$00000000)
    __rt_lib_init_alloca_1                   0x080001a3   Thumb Code     0  libinit2.o(.ARM.Collect$$libinit$$0000002E)
    __rt_lib_init_argv_1                     0x080001a3   Thumb Code     0  libinit2.o(.ARM.Collect$$libinit$$0000002C)
    __rt_lib_init_atexit_1                   0x080001a3   Thumb Code     0  libinit2.o(.ARM.Collect$$libinit$$0000001B)
    __rt_lib_init_clock_1                    0x080001a3   Thumb Code     0  libinit2.o(.ARM.Collect$$libinit$$00000021)
    __rt_lib_init_cpp_1                      0x080001a3   Thumb Code     0  libinit2.o(.ARM.Collect$$libinit$$00000032)
    __rt_lib_init_exceptions_1               0x080001a3   Thumb Code     0  libinit2.o(.ARM.Collect$$libinit$$00000030)
    __rt_lib_init_fp_1                       0x080001a3   Thumb Code     0  libinit2.o(.ARM.Collect$$libinit$$00000002)
    __rt_lib_init_fp_trap_1                  0x080001a3   Thumb Code     0  libinit2.o(.ARM.Collect$$libinit$$0000001F)
    __rt_lib_init_getenv_1                   0x080001a3   Thumb Code     0  libinit2.o(.ARM.Collect$$libinit$$00000023)
    __rt_lib_init_heap_1                     0x080001a3   Thumb Code     0  libinit2.o(.ARM.Collect$$libinit$$0000000A)
    __rt_lib_init_lc_collate_1               0x080001a3   Thumb Code     0  libinit2.o(.ARM.Collect$$libinit$$00000011)
    __rt_lib_init_lc_ctype_1                 0x080001a3   Thumb Code     0  libinit2.o(.ARM.Collect$$libinit$$00000013)
    __rt_lib_init_lc_monetary_1              0x080001a3   Thumb Code     0  libinit2.o(.ARM.Collect$$libinit$$00000015)
    __rt_lib_init_lc_numeric_1               0x080001a3   Thumb Code     0  libinit2.o(.ARM.Collect$$libinit$$00000017)
    __rt_lib_init_lc_time_1                  0x080001a3   Thumb Code     0  libinit2.o(.ARM.Collect$$libinit$$00000019)
    __rt_lib_init_preinit_1                  0x080001a3   Thumb Code     0  libinit2.o(.ARM.Collect$$libinit$$00000004)
    __rt_lib_init_rand_1                     0x080001a3   Thumb Code     0  libinit2.o(.ARM.Collect$$libinit$$0000000E)
    __rt_lib_init_return                     0x080001a3   Thumb Code     0  libinit2.o(.ARM.Collect$$libinit$$00000033)
    __rt_lib_init_signal_1                   0x080001a3   Thumb Code     0  libinit2.o(.ARM.Collect$$libinit$$0000001D)
    __rt_lib_init_stdio_1                    0x080001a3   Thumb Code     0  libinit2.o(.ARM.Collect$$libinit$$00000025)
    __rt_lib_init_user_alloc_1               0x080001a3   Thumb Code     0  libinit2.o(.ARM.Collect$$libinit$$0000000C)
    __rt_lib_shutdown                        0x080001a5   Thumb Code     0  libshutdown.o(.ARM.Collect$$libshutdown$$00000000)
    __rt_lib_shutdown_cpp_1                  0x080001a7   Thumb Code     0  libshutdown2.o(.ARM.Collect$$libshutdown$$00000002)
    __rt_lib_shutdown_fp_trap_1              0x080001a7   Thumb Code     0  libshutdown2.o(.ARM.Collect$$libshutdown$$00000007)
    __rt_lib_shutdown_heap_1                 0x080001a7   Thumb Code     0  libshutdown2.o(.ARM.Collect$$libshutdown$$0000000F)
    __rt_lib_shutdown_return                 0x080001a7   Thumb Code     0  libshutdown2.o(.ARM.Collect$$libshutdown$$00000010)
    __rt_lib_shutdown_signal_1               0x080001a7   Thumb Code     0  libshutdown2.o(.ARM.Collect$$libshutdown$$0000000A)
    __rt_lib_shutdown_stdio_1                0x080001a7   Thumb Code     0  libshutdown2.o(.ARM.Collect$$libshutdown$$00000004)
    __rt_lib_shutdown_user_alloc_1           0x080001a7   Thumb Code     0  libshutdown2.o(.ARM.Collect$$libshutdown$$0000000C)
    __rt_entry                               0x080001a9   Thumb Code     0  __rtentry.o(.ARM.Collect$$rtentry$$00000000)
    __rt_entry_presh_1                       0x080001a9   Thumb Code     0  __rtentry2.o(.ARM.Collect$$rtentry$$00000002)
    __rt_entry_sh                            0x080001a9   Thumb Code     0  __rtentry4.o(.ARM.Collect$$rtentry$$00000004)
    __rt_entry_li                            0x080001af   Thumb Code     0  __rtentry2.o(.ARM.Collect$$rtentry$$0000000A)
    __rt_entry_postsh_1                      0x080001af   Thumb Code     0  __rtentry2.o(.ARM.Collect$$rtentry$$00000009)
    __rt_entry_main                          0x080001b3   Thumb Code     0  __rtentry2.o(.ARM.Collect$$rtentry$$0000000D)
    __rt_entry_postli_1                      0x080001b3   Thumb Code     0  __rtentry2.o(.ARM.Collect$$rtentry$$0000000C)
    __rt_exit                                0x080001bb   Thumb Code     0  rtexit.o(.ARM.Collect$$rtexit$$00000000)
    __rt_exit_ls                             0x080001bd   Thumb Code     0  rtexit2.o(.ARM.Collect$$rtexit$$00000003)
    __rt_exit_prels_1                        0x080001bd   Thumb Code     0  rtexit2.o(.ARM.Collect$$rtexit$$00000002)
    __rt_exit_exit                           0x080001c1   Thumb Code     0  rtexit2.o(.ARM.Collect$$rtexit$$00000004)
    Reset_Handler                            0x080001c9   Thumb Code     8  startup_stm32f103xb.o(.text)
    ADC1_2_IRQHandler                        0x080001e3   Thumb Code     0  startup_stm32f103xb.o(.text)
    CAN1_RX1_IRQHandler                      0x080001e3   Thumb Code     0  startup_stm32f103xb.o(.text)
    CAN1_SCE_IRQHandler                      0x080001e3   Thumb Code     0  startup_stm32f103xb.o(.text)
    DMA1_Channel1_IRQHandler                 0x080001e3   Thumb Code     0  startup_stm32f103xb.o(.text)
    DMA1_Channel3_IRQHandler                 0x080001e3   Thumb Code     0  startup_stm32f103xb.o(.text)
    DMA1_Channel4_IRQHandler                 0x080001e3   Thumb Code     0  startup_stm32f103xb.o(.text)
    DMA1_Channel6_IRQHandler                 0x080001e3   Thumb Code     0  startup_stm32f103xb.o(.text)
    DMA1_Channel7_IRQHandler                 0x080001e3   Thumb Code     0  startup_stm32f103xb.o(.text)
    EXTI0_IRQHandler                         0x080001e3   Thumb Code     0  startup_stm32f103xb.o(.text)
    EXTI15_10_IRQHandler                     0x080001e3   Thumb Code     0  startup_stm32f103xb.o(.text)
    EXTI1_IRQHandler                         0x080001e3   Thumb Code     0  startup_stm32f103xb.o(.text)
    EXTI2_IRQHandler                         0x080001e3   Thumb Code     0  startup_stm32f103xb.o(.text)
    EXTI3_IRQHandler                         0x080001e3   Thumb Code     0  startup_stm32f103xb.o(.text)
    EXTI4_IRQHandler                         0x080001e3   Thumb Code     0  startup_stm32f103xb.o(.text)
    EXTI9_5_IRQHandler                       0x080001e3   Thumb Code     0  startup_stm32f103xb.o(.text)
    FLASH_IRQHandler                         0x080001e3   Thumb Code     0  startup_stm32f103xb.o(.text)
    I2C1_ER_IRQHandler                       0x080001e3   Thumb Code     0  startup_stm32f103xb.o(.text)
    I2C1_EV_IRQHandler                       0x080001e3   Thumb Code     0  startup_stm32f103xb.o(.text)
    I2C2_ER_IRQHandler                       0x080001e3   Thumb Code     0  startup_stm32f103xb.o(.text)
    I2C2_EV_IRQHandler                       0x080001e3   Thumb Code     0  startup_stm32f103xb.o(.text)
    PVD_IRQHandler                           0x080001e3   Thumb Code     0  startup_stm32f103xb.o(.text)
    RCC_IRQHandler                           0x080001e3   Thumb Code     0  startup_stm32f103xb.o(.text)
    RTC_Alarm_IRQHandler                     0x080001e3   Thumb Code     0  startup_stm32f103xb.o(.text)
    RTC_IRQHandler                           0x080001e3   Thumb Code     0  startup_stm32f103xb.o(.text)
    SPI1_IRQHandler                          0x080001e3   Thumb Code     0  startup_stm32f103xb.o(.text)
    SPI2_IRQHandler                          0x080001e3   Thumb Code     0  startup_stm32f103xb.o(.text)
    TAMPER_IRQHandler                        0x080001e3   Thumb Code     0  startup_stm32f103xb.o(.text)
    TIM1_BRK_IRQHandler                      0x080001e3   Thumb Code     0  startup_stm32f103xb.o(.text)
    TIM1_CC_IRQHandler                       0x080001e3   Thumb Code     0  startup_stm32f103xb.o(.text)
    TIM1_TRG_COM_IRQHandler                  0x080001e3   Thumb Code     0  startup_stm32f103xb.o(.text)
    TIM1_UP_IRQHandler                       0x080001e3   Thumb Code     0  startup_stm32f103xb.o(.text)
    TIM3_IRQHandler                          0x080001e3   Thumb Code     0  startup_stm32f103xb.o(.text)
    TIM4_IRQHandler                          0x080001e3   Thumb Code     0  startup_stm32f103xb.o(.text)
    USART1_IRQHandler                        0x080001e3   Thumb Code     0  startup_stm32f103xb.o(.text)
    USART2_IRQHandler                        0x080001e3   Thumb Code     0  startup_stm32f103xb.o(.text)
    USART3_IRQHandler                        0x080001e3   Thumb Code     0  startup_stm32f103xb.o(.text)
    USBWakeUp_IRQHandler                     0x080001e3   Thumb Code     0  startup_stm32f103xb.o(.text)
    USB_HP_CAN1_TX_IRQHandler                0x080001e3   Thumb Code     0  startup_stm32f103xb.o(.text)
    WWDG_IRQHandler                          0x080001e3   Thumb Code     0  startup_stm32f103xb.o(.text)
    __user_initial_stackheap                 0x080001e5   Thumb Code     0  startup_stm32f103xb.o(.text)
    __aeabi_memcpy4                          0x08000209   Thumb Code     0  rt_memcpy_w.o(.text)
    __aeabi_memcpy8                          0x08000209   Thumb Code     0  rt_memcpy_w.o(.text)
    __rt_memcpy_w                            0x08000209   Thumb Code   100  rt_memcpy_w.o(.text)
    _memcpy_lastbytes_aligned                0x08000251   Thumb Code     0  rt_memcpy_w.o(.text)
    __aeabi_memclr4                          0x0800026d   Thumb Code     0  rt_memclr_w.o(.text)
    __aeabi_memclr8                          0x0800026d   Thumb Code     0  rt_memclr_w.o(.text)
    __rt_memclr_w                            0x0800026d   Thumb Code    78  rt_memclr_w.o(.text)
    _memset_w                                0x08000271   Thumb Code     0  rt_memclr_w.o(.text)
    __use_two_region_memory                  0x080002bb   Thumb Code     2  heapauxi.o(.text)
    __rt_heap_escrow$2region                 0x080002bd   Thumb Code     2  heapauxi.o(.text)
    __rt_heap_expand$2region                 0x080002bf   Thumb Code     2  heapauxi.o(.text)
    __user_setup_stackheap                   0x080002c1   Thumb Code    74  sys_stackheap_outer.o(.text)
    exit                                     0x0800030b   Thumb Code    18  exit.o(.text)
    __user_libspace                          0x0800031d   Thumb Code     8  libspace.o(.text)
    __user_perproc_libspace                  0x0800031d   Thumb Code     0  libspace.o(.text)
    __user_perthread_libspace                0x0800031d   Thumb Code     0  libspace.o(.text)
    _sys_exit                                0x08000325   Thumb Code     8  sys_exit.o(.text)
    __I$use$semihosting                      0x08000331   Thumb Code     0  use_no_semi.o(.text)
    __use_no_semihosting_swi                 0x08000331   Thumb Code     2  use_no_semi.o(.text)
    __semihosting_library_function           0x08000333   Thumb Code     0  indicate_semi.o(.text)
    Bip                                      0x08000335   Thumb Code    44  main.o(i.Bip)
    BusFault_Handler                         0x08000369   Thumb Code     2  stm32f1xx_it.o(i.BusFault_Handler)
    ConvertPass                              0x080003b1   Thumb Code    82  main.o(i.ConvertPass)
    DMA1_Channel2_IRQHandler                 0x08000405   Thumb Code     6  stm32f1xx_it.o(i.DMA1_Channel2_IRQHandler)
    DMA1_Channel5_IRQHandler                 0x08000411   Thumb Code     6  stm32f1xx_it.o(i.DMA1_Channel5_IRQHandler)
    DebugMon_Handler                         0x08000447   Thumb Code     2  stm32f1xx_it.o(i.DebugMon_Handler)
    Error_Handler                            0x08000449   Thumb Code     4  main.o(i.Error_Handler)
    HAL_DMA_IRQHandler                       0x0800044d   Thumb Code   316  stm32f1xx_hal_dma.o(i.HAL_DMA_IRQHandler)
    HAL_DMA_Init                             0x080005a1   Thumb Code    84  stm32f1xx_hal_dma.o(i.HAL_DMA_Init)
    HAL_DMA_Start_IT                         0x080005fd   Thumb Code   112  stm32f1xx_hal_dma.o(i.HAL_DMA_Start_IT)
    HAL_Delay                                0x0800066d   Thumb Code    32  stm32f1xx_hal.o(i.HAL_Delay)
    HAL_GPIO_Init                            0x08000691   Thumb Code   446  stm32f1xx_hal_gpio.o(i.HAL_GPIO_Init)
    HAL_GPIO_ReadPin                         0x08000871   Thumb Code    10  stm32f1xx_hal_gpio.o(i.HAL_GPIO_ReadPin)
    HAL_GPIO_WritePin                        0x0800087b   Thumb Code    10  stm32f1xx_hal_gpio.o(i.HAL_GPIO_WritePin)
    HAL_GetTick                              0x08000885   Thumb Code     6  stm32f1xx_hal.o(i.HAL_GetTick)
    HAL_I2C_Init                             0x08000891   Thumb Code   376  stm32f1xx_hal_i2c.o(i.HAL_I2C_Init)
    HAL_I2C_Master_Receive                   0x08000a19   Thumb Code   564  stm32f1xx_hal_i2c.o(i.HAL_I2C_Master_Receive)
    HAL_I2C_Master_Transmit                  0x08000c5d   Thumb Code   290  stm32f1xx_hal_i2c.o(i.HAL_I2C_Master_Transmit)
    HAL_I2C_MspInit                          0x08000d89   Thumb Code    80  stm32f1xx_hal_msp.o(i.HAL_I2C_MspInit)
    HAL_IncTick                              0x08000de5   Thumb Code    12  stm32f1xx_hal.o(i.HAL_IncTick)
    HAL_Init                                 0x08000df5   Thumb Code    32  stm32f1xx_hal.o(i.HAL_Init)
    HAL_InitTick                             0x08000e19   Thumb Code    54  stm32f1xx_hal.o(i.HAL_InitTick)
    HAL_MspInit                              0x08000e59   Thumb Code    52  stm32f1xx_hal_msp.o(i.HAL_MspInit)
    HAL_NVIC_EnableIRQ                       0x08000e95   Thumb Code    26  stm32f1xx_hal_cortex.o(i.HAL_NVIC_EnableIRQ)
    HAL_NVIC_SetPriority                     0x08000eb1   Thumb Code    60  stm32f1xx_hal_cortex.o(i.HAL_NVIC_SetPriority)
    HAL_NVIC_SetPriorityGrouping             0x08000ef1   Thumb Code    26  stm32f1xx_hal_cortex.o(i.HAL_NVIC_SetPriorityGrouping)
    HAL_PCDEx_PMAConfig                      0x08000f15   Thumb Code    60  stm32f1xx_hal_pcd_ex.o(i.HAL_PCDEx_PMAConfig)
    HAL_PCDEx_SetConnectionState             0x08000f51   Thumb Code     2  usbd_conf.o(i.HAL_PCDEx_SetConnectionState)
    HAL_PCD_DataInStageCallback              0x08000f53   Thumb Code    18  usbd_conf.o(i.HAL_PCD_DataInStageCallback)
    HAL_PCD_DataOutStageCallback             0x08000f65   Thumb Code    20  usbd_conf.o(i.HAL_PCD_DataOutStageCallback)
    HAL_PCD_EP_Close                         0x08000f79   Thumb Code    76  stm32f1xx_hal_pcd.o(i.HAL_PCD_EP_Close)
    HAL_PCD_EP_ClrStall                      0x08000fc5   Thumb Code    92  stm32f1xx_hal_pcd.o(i.HAL_PCD_EP_ClrStall)
    HAL_PCD_EP_Open                          0x08001437   Thumb Code    96  stm32f1xx_hal_pcd.o(i.HAL_PCD_EP_Open)
    HAL_PCD_EP_Receive                       0x08001497   Thumb Code    50  stm32f1xx_hal_pcd.o(i.HAL_PCD_EP_Receive)
    HAL_PCD_EP_SetStall                      0x080014c9   Thumb Code   114  stm32f1xx_hal_pcd.o(i.HAL_PCD_EP_SetStall)
    HAL_PCD_EP_Transmit                      0x0800153b   Thumb Code    52  stm32f1xx_hal_pcd.o(i.HAL_PCD_EP_Transmit)
    HAL_PCD_IRQHandler                       0x0800156f   Thumb Code   340  stm32f1xx_hal_pcd.o(i.HAL_PCD_IRQHandler)
    HAL_PCD_Init                             0x080016c5   Thumb Code   218  stm32f1xx_hal_pcd.o(i.HAL_PCD_Init)
    HAL_PCD_MspInit                          0x080017a1   Thumb Code    50  usbd_conf.o(i.HAL_PCD_MspInit)
    HAL_PCD_ResetCallback                    0x080017dd   Thumb Code    38  usbd_conf.o(i.HAL_PCD_ResetCallback)
    HAL_PCD_ResumeCallback                   0x08001803   Thumb Code     8  usbd_conf.o(i.HAL_PCD_ResumeCallback)
    HAL_PCD_SOFCallback                      0x0800180b   Thumb Code     8  usbd_conf.o(i.HAL_PCD_SOFCallback)
    HAL_PCD_SetAddress                       0x08001813   Thumb Code    40  stm32f1xx_hal_pcd.o(i.HAL_PCD_SetAddress)
    HAL_PCD_SetupStageCallback               0x0800183b   Thumb Code    14  usbd_conf.o(i.HAL_PCD_SetupStageCallback)
    HAL_PCD_Start                            0x08001849   Thumb Code    50  stm32f1xx_hal_pcd.o(i.HAL_PCD_Start)
    HAL_PCD_SuspendCallback                  0x0800187d   Thumb Code    30  usbd_conf.o(i.HAL_PCD_SuspendCallback)
    HAL_RCCEx_PeriphCLKConfig                0x080018a1   Thumb Code   224  stm32f1xx_hal_rcc_ex.o(i.HAL_RCCEx_PeriphCLKConfig)
    HAL_RCC_ClockConfig                      0x0800198d   Thumb Code   280  stm32f1xx_hal_rcc.o(i.HAL_RCC_ClockConfig)
    HAL_RCC_GetPCLK1Freq                     0x08001ab9   Thumb Code    20  stm32f1xx_hal_rcc.o(i.HAL_RCC_GetPCLK1Freq)
    HAL_RCC_GetSysClockFreq                  0x08001ad9   Thumb Code    74  stm32f1xx_hal_rcc.o(i.HAL_RCC_GetSysClockFreq)
    HAL_RCC_OscConfig                        0x08001b45   Thumb Code   778  stm32f1xx_hal_rcc.o(i.HAL_RCC_OscConfig)
    HAL_SYSTICK_Config                       0x08001e65   Thumb Code    40  stm32f1xx_hal_cortex.o(i.HAL_SYSTICK_Config)
    HAL_TIMEx_BreakCallback                  0x08001e8d   Thumb Code     2  stm32f1xx_hal_tim_ex.o(i.HAL_TIMEx_BreakCallback)
    HAL_TIMEx_CommutCallback                 0x08001e8f   Thumb Code     2  stm32f1xx_hal_tim_ex.o(i.HAL_TIMEx_CommutCallback)
    HAL_TIMEx_MasterConfigSynchronization    0x08001e91   Thumb Code    92  stm32f1xx_hal_tim_ex.o(i.HAL_TIMEx_MasterConfigSynchronization)
    HAL_TIM_Base_Init                        0x08001ef9   Thumb Code    90  stm32f1xx_hal_tim.o(i.HAL_TIM_Base_Init)
    HAL_TIM_Base_MspInit                     0x08001f55   Thumb Code    50  stm32f1xx_hal_msp.o(i.HAL_TIM_Base_MspInit)
    HAL_TIM_ConfigClockSource                0x08001f8d   Thumb Code   214  stm32f1xx_hal_tim.o(i.HAL_TIM_ConfigClockSource)
    HAL_TIM_ErrorCallback                    0x08002063   Thumb Code     2  stm32f1xx_hal_tim.o(i.HAL_TIM_ErrorCallback)
    HAL_TIM_IC_CaptureCallback               0x08002065   Thumb Code     2  stm32f1xx_hal_tim.o(i.HAL_TIM_IC_CaptureCallback)
    HAL_TIM_IRQHandler                       0x08002067   Thumb Code   358  stm32f1xx_hal_tim.o(i.HAL_TIM_IRQHandler)
    HAL_TIM_MspPostInit                      0x080021cd   Thumb Code   146  stm32f1xx_hal_msp.o(i.HAL_TIM_MspPostInit)
    HAL_TIM_OC_DelayElapsedCallback          0x08002275   Thumb Code     2  stm32f1xx_hal_tim.o(i.HAL_TIM_OC_DelayElapsedCallback)
    HAL_TIM_PWM_ConfigChannel                0x08002277   Thumb Code   198  stm32f1xx_hal_tim.o(i.HAL_TIM_PWM_ConfigChannel)
    HAL_TIM_PWM_Init                         0x0800233d   Thumb Code    90  stm32f1xx_hal_tim.o(i.HAL_TIM_PWM_Init)
    HAL_TIM_PWM_MspInit                      0x08002399   Thumb Code   122  stm32f1xx_hal_msp.o(i.HAL_TIM_PWM_MspInit)
    HAL_TIM_PWM_PulseFinishedCallback        0x0800242d   Thumb Code     2  stm32f1xx_hal_tim.o(i.HAL_TIM_PWM_PulseFinishedCallback)
    HAL_TIM_PWM_PulseFinishedHalfCpltCallback 0x0800242f   Thumb Code     2  stm32f1xx_hal_tim.o(i.HAL_TIM_PWM_PulseFinishedHalfCpltCallback)
    HAL_TIM_PWM_Start_DMA                    0x08002431   Thumb Code   362  stm32f1xx_hal_tim.o(i.HAL_TIM_PWM_Start_DMA)
    HAL_TIM_PWM_Start_IT                     0x080025b5   Thumb Code   184  stm32f1xx_hal_tim.o(i.HAL_TIM_PWM_Start_IT)
    HAL_TIM_PWM_Stop_IT                      0x08002679   Thumb Code   160  stm32f1xx_hal_tim.o(i.HAL_TIM_PWM_Stop_IT)
    HAL_TIM_PeriodElapsedCallback            0x0800271d   Thumb Code     2  stm32f1xx_hal_tim.o(i.HAL_TIM_PeriodElapsedCallback)
    HAL_TIM_TriggerCallback                  0x0800271f   Thumb Code     2  stm32f1xx_hal_tim.o(i.HAL_TIM_TriggerCallback)
    HardFault_Handler                        0x08002721   Thumb Code     2  stm32f1xx_it.o(i.HardFault_Handler)
    MX_USB_DEVICE_Init                       0x08002d35   Thumb Code    66  usb_device.o(i.MX_USB_DEVICE_Init)
    MemManage_Handler                        0x08002d89   Thumb Code     2  stm32f1xx_it.o(i.MemManage_Handler)
    NMI_Handler                              0x08002d8b   Thumb Code     2  stm32f1xx_it.o(i.NMI_Handler)
    PendSV_Handler                           0x080030a1   Thumb Code     2  stm32f1xx_it.o(i.PendSV_Handler)
    SVC_Handler                              0x080030a3   Thumb Code     2  stm32f1xx_it.o(i.SVC_Handler)
    SysTick_Handler                          0x080030a5   Thumb Code     4  stm32f1xx_it.o(i.SysTick_Handler)
    SystemClock_Config                       0x080030a9   Thumb Code   118  main.o(i.SystemClock_Config)
    SystemInit                               0x0800311f   Thumb Code     2  system_stm32f1xx.o(i.SystemInit)
    TIM2_IRQHandler                          0x08003121   Thumb Code    18  stm32f1xx_it.o(i.TIM2_IRQHandler)
    TIM_Base_SetConfig                       0x0800313d   Thumb Code    94  stm32f1xx_hal_tim.o(i.TIM_Base_SetConfig)
    TIM_CCxChannelCmd                        0x080031a9   Thumb Code    26  stm32f1xx_hal_tim.o(i.TIM_CCxChannelCmd)
    TIM_DMADelayPulseHalfCplt                0x08003221   Thumb Code    56  stm32f1xx_hal_tim.o(i.TIM_DMADelayPulseHalfCplt)
    TIM_DMAError                             0x08003259   Thumb Code    84  stm32f1xx_hal_tim.o(i.TIM_DMAError)
    TIM_ETR_SetConfig                        0x080032ad   Thumb Code    20  stm32f1xx_hal_tim.o(i.TIM_ETR_SetConfig)
    TIM_OC2_SetConfig                        0x08003321   Thumb Code    84  stm32f1xx_hal_tim.o(i.TIM_OC2_SetConfig)
    USBD_CUSTOM_HID_RegisterInterface        0x0800356d   Thumb Code    16  usbd_customhid.o(i.USBD_CUSTOM_HID_RegisterInterface)
    USBD_CUSTOM_HID_SendReport               0x0800357d   Thumb Code    44  usbd_customhid.o(i.USBD_CUSTOM_HID_SendReport)
    USBD_ClrClassConfig                      0x08003689   Thumb Code    14  usbd_core.o(i.USBD_ClrClassConfig)
    USBD_CtlContinueRx                       0x08003697   Thumb Code    16  usbd_ioreq.o(i.USBD_CtlContinueRx)
    USBD_CtlContinueSendData                 0x080036a7   Thumb Code    16  usbd_ioreq.o(i.USBD_CtlContinueSendData)
    USBD_CtlError                            0x080036b7   Thumb Code    22  usbd_ctlreq.o(i.USBD_CtlError)
    USBD_CtlPrepareRx                        0x080036cd   Thumb Code    30  usbd_ioreq.o(i.USBD_CtlPrepareRx)
    USBD_CtlReceiveStatus                    0x080036eb   Thumb Code    22  usbd_ioreq.o(i.USBD_CtlReceiveStatus)
    USBD_CtlSendData                         0x08003701   Thumb Code    26  usbd_ioreq.o(i.USBD_CtlSendData)
    USBD_CtlSendStatus                       0x0800371b   Thumb Code    22  usbd_ioreq.o(i.USBD_CtlSendStatus)
    USBD_FS_ConfigStrDescriptor              0x08003731   Thumb Code    16  usbd_desc.o(i.USBD_FS_ConfigStrDescriptor)
    USBD_FS_DeviceDescriptor                 0x08003759   Thumb Code     8  usbd_desc.o(i.USBD_FS_DeviceDescriptor)
    USBD_FS_InterfaceStrDescriptor           0x08003765   Thumb Code    16  usbd_desc.o(i.USBD_FS_InterfaceStrDescriptor)
    USBD_FS_LangIDStrDescriptor              0x08003791   Thumb Code     8  usbd_desc.o(i.USBD_FS_LangIDStrDescriptor)
    USBD_FS_ManufacturerStrDescriptor        0x0800379d   Thumb Code    16  usbd_desc.o(i.USBD_FS_ManufacturerStrDescriptor)
    USBD_FS_ProductStrDescriptor             0x080037c1   Thumb Code    16  usbd_desc.o(i.USBD_FS_ProductStrDescriptor)
    USBD_FS_SerialStrDescriptor              0x080037f5   Thumb Code    48  usbd_desc.o(i.USBD_FS_SerialStrDescriptor)
    USBD_GetString                           0x08003915   Thumb Code    72  usbd_ctlreq.o(i.USBD_GetString)
    USBD_Init                                0x08003975   Thumb Code    42  usbd_core.o(i.USBD_Init)
    USBD_LL_ClearStallEP                     0x0800399f   Thumb Code    18  usbd_conf.o(i.USBD_LL_ClearStallEP)
    USBD_LL_CloseEP                          0x080039b1   Thumb Code    18  usbd_conf.o(i.USBD_LL_CloseEP)
    USBD_LL_DataInStage                      0x080039c3   Thumb Code   198  usbd_core.o(i.USBD_LL_DataInStage)
    USBD_LL_DataOutStage                     0x08003a89   Thumb Code   130  usbd_core.o(i.USBD_LL_DataOutStage)
    USBD_LL_Init                             0x08003b0d   Thumb Code   104  usbd_conf.o(i.USBD_LL_Init)
    USBD_LL_IsStallEP                        0x08003b7d   Thumb Code    32  usbd_conf.o(i.USBD_LL_IsStallEP)
    USBD_LL_OpenEP                           0x08003b9d   Thumb Code    24  usbd_conf.o(i.USBD_LL_OpenEP)
    USBD_LL_PrepareReceive                   0x08003bb5   Thumb Code    18  usbd_conf.o(i.USBD_LL_PrepareReceive)
    USBD_LL_Reset                            0x08003bc7   Thumb Code    80  usbd_core.o(i.USBD_LL_Reset)
    USBD_LL_Resume                           0x08003c17   Thumb Code    20  usbd_core.o(i.USBD_LL_Resume)
    USBD_LL_SOF                              0x08003c2b   Thumb Code    24  usbd_core.o(i.USBD_LL_SOF)
    USBD_LL_SetSpeed                         0x08003c43   Thumb Code     6  usbd_core.o(i.USBD_LL_SetSpeed)
    USBD_LL_SetUSBAddress                    0x08003c49   Thumb Code    18  usbd_conf.o(i.USBD_LL_SetUSBAddress)
    USBD_LL_SetupStage                       0x08003c5b   Thumb Code    90  usbd_core.o(i.USBD_LL_SetupStage)
    USBD_LL_StallEP                          0x08003cb5   Thumb Code    18  usbd_conf.o(i.USBD_LL_StallEP)
    USBD_LL_Start                            0x08003cc7   Thumb Code    18  usbd_conf.o(i.USBD_LL_Start)
    USBD_LL_Suspend                          0x08003cd9   Thumb Code    18  usbd_core.o(i.USBD_LL_Suspend)
    USBD_LL_Transmit                         0x08003ceb   Thumb Code    18  usbd_conf.o(i.USBD_LL_Transmit)
    USBD_ParseSetupRequest                   0x08003cfd   Thumb Code    40  usbd_ctlreq.o(i.USBD_ParseSetupRequest)
    USBD_RegisterClass                       0x08003d25   Thumb Code    16  usbd_core.o(i.USBD_RegisterClass)
    USBD_SetClassConfig                      0x08003d35   Thumb Code    22  usbd_core.o(i.USBD_SetClassConfig)
    USBD_Start                               0x08003dd1   Thumb Code    10  usbd_core.o(i.USBD_Start)
    USBD_StdDevReq                           0x08003ddb   Thumb Code   274  usbd_ctlreq.o(i.USBD_StdDevReq)
    USBD_StdEPReq                            0x08003eed   Thumb Code   336  usbd_ctlreq.o(i.USBD_StdEPReq)
    USBD_StdItfReq                           0x0800403d   Thumb Code    78  usbd_ctlreq.o(i.USBD_StdItfReq)
    USBD_static_free                         0x0800408b   Thumb Code     2  usbd_conf.o(i.USBD_static_free)
    USBD_static_malloc                       0x0800408d   Thumb Code     4  usbd_conf.o(i.USBD_static_malloc)
    USB_ActivateEndpoint                     0x08004095   Thumb Code   600  stm32f1xx_ll_usb.o(i.USB_ActivateEndpoint)
    USB_CoreInit                             0x080042ed   Thumb Code     4  stm32f1xx_ll_usb.o(i.USB_CoreInit)
    USB_DeactivateEndpoint                   0x080042f1   Thumb Code   270  stm32f1xx_ll_usb.o(i.USB_DeactivateEndpoint)
    USB_DevConnect                           0x080043ff   Thumb Code     4  stm32f1xx_ll_usb.o(i.USB_DevConnect)
    USB_DevDisconnect                        0x08004403   Thumb Code     4  stm32f1xx_ll_usb.o(i.USB_DevDisconnect)
    USB_DevInit                              0x08004407   Thumb Code    18  stm32f1xx_ll_usb.o(i.USB_DevInit)
    USB_DisableGlobalInt                     0x08004419   Thumb Code    14  stm32f1xx_ll_usb.o(i.USB_DisableGlobalInt)
    USB_EP0_OutStart                         0x08004427   Thumb Code     4  stm32f1xx_ll_usb.o(i.USB_EP0_OutStart)
    USB_EPClearStall                         0x0800442b   Thumb Code   120  stm32f1xx_ll_usb.o(i.USB_EPClearStall)
    USB_EPSetStall                           0x080044a3   Thumb Code    50  stm32f1xx_ll_usb.o(i.USB_EPSetStall)
    USB_EPStartXfer                          0x080044d5   Thumb Code  1548  stm32f1xx_ll_usb.o(i.USB_EPStartXfer)
    USB_EnableGlobalInt                      0x08004ae1   Thumb Code    18  stm32f1xx_ll_usb.o(i.USB_EnableGlobalInt)
    USB_LP_CAN1_RX0_IRQHandler               0x08004af5   Thumb Code     6  stm32f1xx_it.o(i.USB_LP_CAN1_RX0_IRQHandler)
    USB_ReadInterrupts                       0x08004b01   Thumb Code     6  stm32f1xx_ll_usb.o(i.USB_ReadInterrupts)
    USB_ReadPMA                              0x08004b09   Thumb Code    44  stm32f1xx_ll_usb.o(i.USB_ReadPMA)
    USB_SetCurrentMode                       0x08004b35   Thumb Code     4  stm32f1xx_ll_usb.o(i.USB_SetCurrentMode)
    USB_SetDevAddress                        0x08004b39   Thumb Code    12  stm32f1xx_ll_usb.o(i.USB_SetDevAddress)
    USB_WritePMA                             0x08004b45   Thumb Code    38  stm32f1xx_ll_usb.o(i.USB_WritePMA)
    UsageFault_Handler                       0x08004b6b   Thumb Code     2  stm32f1xx_it.o(i.UsageFault_Handler)
    checkLight                               0x08004b8d   Thumb Code    42  main.o(i.checkLight)
    checkPinPad                              0x08004bc1   Thumb Code   180  main.o(i.checkPinPad)
    main                                     0x08004c7d   Thumb Code   568  main.o(i.main)
    ws2811_init                              0x08004ee1   Thumb Code    60  main.o(i.ws2811_init)
    ws2811_setcolor                          0x08004f21   Thumb Code   138  main.o(i.ws2811_setcolor)
    ws2811_setcolor_1                        0x08004fb1   Thumb Code   138  main.o(i.ws2811_setcolor_1)
    AHBPrescTable                            0x08005040   Data          16  system_stm32f1xx.o(.constdata)
    APBPrescTable                            0x08005050   Data           8  system_stm32f1xx.o(.constdata)
    Region$$Table$$Base                      0x08005058   Number         0  anon$$obj.o(Region$$Table)
    Region$$Table$$Limit                     0x08005078   Number         0  anon$$obj.o(Region$$Table)
    passNum                                  0x20000000   Data           1  main.o(.data)
    regData                                  0x20000001   Data           1  main.o(.data)
    regAddress                               0x20000002   Data           1  main.o(.data)
    RGB                                      0x20000003   Data           3  main.o(.data)
    TimOfBip                                 0x20000008   Data           4  main.o(.data)
    pinPad                                   0x2000000c   Data           4  main.o(.data)
    pinPadPrev                               0x20000010   Data           4  main.o(.data)
    Light                                    0x20000014   Data           4  main.o(.data)
    LightSum                                 0x20000018   Data           4  main.o(.data)
    LightAmountOfCheck                       0x2000001c   Data           4  main.o(.data)
    PreviousLightSum                         0x20000020   Data           4  main.o(.data)
    WhiteOrNot                               0x20000024   Data           4  main.o(.data)
    uwTickFreq                               0x20000028   Data           1  stm32f1xx_hal.o(.data)
    uwTickPrio                               0x2000002c   Data           4  stm32f1xx_hal.o(.data)
    uwTick                                   0x20000030   Data           4  stm32f1xx_hal.o(.data)
    SystemCoreClock                          0x20000034   Data           4  system_stm32f1xx.o(.data)
    FS_Desc                                  0x20000038   Data          28  usbd_desc.o(.data)
    USBD_LangIDDesc                          0x20000054   Data           4  usbd_desc.o(.data)
    USBD_FS_DeviceDesc                       0x20000058   Data          18  usbd_desc.o(.data)
    USBD_StringSerial                        0x2000006c   Data          26  usbd_desc.o(.data)
    USBD_CustomHID_fops_FS                   0x200000f4   Data          16  usbd_custom_hid_if.o(.data)
    dataToReceive                            0x20000104   Data           4  usbd_custom_hid_if.o(.data)
    USBD_CUSTOM_HID                          0x2000010c   Data          56  usbd_customhid.o(.data)
    ws2811_data                              0x200001e0   Data         578  main.o(.bss)
    ws2811_data_1                            0x20000422   Data         578  main.o(.bss)
    hi2c1                                    0x20000664   Data          84  main.o(.bss)
    htim2                                    0x200006b8   Data          72  main.o(.bss)
    htim3                                    0x20000700   Data          72  main.o(.bss)
    htim4                                    0x20000748   Data          72  main.o(.bss)
    password                                 0x20000790   Data          17  main.o(.bss)
    hdma_tim3_ch3                            0x200007a4   Data          68  main.o(.bss)
    hdma_tim4_ch3                            0x200007e8   Data          68  main.o(.bss)
    hUsbDeviceFS                             0x2000082c   Data         708  usb_device.o(.bss)
    USBD_StrDesc                             0x20000af0   Data         512  usbd_desc.o(.bss)
    hpcd_USB_FS                              0x20000d1c   Data         748  usbd_conf.o(.bss)
    __libspace_start                         0x20001008   Data          96  libspace.o(.bss)
    __temporary_stack_top$libspace           0x20001068   Data           0  libspace.o(.bss)



==============================================================================

Memory Map of the image

  Image Entry point : 0x080000ed

  Load Region LR_IROM1 (Base: 0x08000000, Size: 0x00005258, Max: 0x00010000, ABSOLUTE, COMPRESSED[0x00005164])

    Execution Region ER_IROM1 (Exec base: 0x08000000, Load base: 0x08000000, Size: 0x00005078, Max: 0x00010000, ABSOLUTE)

    Exec Addr    Load Addr    Size         Type   Attr      Idx    E Section Name        Object

    0x08000000   0x08000000   0x000000ec   Data   RO            3    RESET               startup_stm32f103xb.o
    0x080000ec   0x080000ec   0x00000008   Code   RO         4056  * !!!main             c_w.l(__main.o)
    0x080000f4   0x080000f4   0x00000034   Code   RO         4215    !!!scatter          c_w.l(__scatter.o)
    0x08000128   0x08000128   0x0000005a   Code   RO         4213    !!dczerorl2         c_w.l(__dczerorl2.o)
    0x08000182   0x08000182   0x00000002   PAD
    0x08000184   0x08000184   0x0000001c   Code   RO         4217    !!handler_zi        c_w.l(__scatter_zi.o)
    0x080001a0   0x080001a0   0x00000002   Code   RO         4083    .ARM.Collect$$libinit$$00000000  c_w.l(libinit.o)
    0x080001a2   0x080001a2   0x00000000   Code   RO         4090    .ARM.Collect$$libinit$$00000002  c_w.l(libinit2.o)
    0x080001a2   0x080001a2   0x00000000   Code   RO         4092    .ARM.Collect$$libinit$$00000004  c_w.l(libinit2.o)
    0x080001a2   0x080001a2   0x00000000   Code   RO         4095    .ARM.Collect$$libinit$$0000000A  c_w.l(libinit2.o)
    0x080001a2   0x080001a2   0x00000000   Code   RO         4097    .ARM.Collect$$libinit$$0000000C  c_w.l(libinit2.o)
    0x080001a2   0x080001a2   0x00000000   Code   RO         4099    .ARM.Collect$$libinit$$0000000E  c_w.l(libinit2.o)
    0x080001a2   0x080001a2   0x00000000   Code   RO         4102    .ARM.Collect$$libinit$$00000011  c_w.l(libinit2.o)
    0x080001a2   0x080001a2   0x00000000   Code   RO         4104    .ARM.Collect$$libinit$$00000013  c_w.l(libinit2.o)
    0x080001a2   0x080001a2   0x00000000   Code   RO         4106    .ARM.Collect$$libinit$$00000015  c_w.l(libinit2.o)
    0x080001a2   0x080001a2   0x00000000   Code   RO         4108    .ARM.Collect$$libinit$$00000017  c_w.l(libinit2.o)
    0x080001a2   0x080001a2   0x00000000   Code   RO         4110    .ARM.Collect$$libinit$$00000019  c_w.l(libinit2.o)
    0x080001a2   0x080001a2   0x00000000   Code   RO         4112    .ARM.Collect$$libinit$$0000001B  c_w.l(libinit2.o)
    0x080001a2   0x080001a2   0x00000000   Code   RO         4114    .ARM.Collect$$libinit$$0000001D  c_w.l(libinit2.o)
    0x080001a2   0x080001a2   0x00000000   Code   RO         4116    .ARM.Collect$$libinit$$0000001F  c_w.l(libinit2.o)
    0x080001a2   0x080001a2   0x00000000   Code   RO         4118    .ARM.Collect$$libinit$$00000021  c_w.l(libinit2.o)
    0x080001a2   0x080001a2   0x00000000   Code   RO         4120    .ARM.Collect$$libinit$$00000023  c_w.l(libinit2.o)
    0x080001a2   0x080001a2   0x00000000   Code   RO         4122    .ARM.Collect$$libinit$$00000025  c_w.l(libinit2.o)
    0x080001a2   0x080001a2   0x00000000   Code   RO         4126    .ARM.Collect$$libinit$$0000002C  c_w.l(libinit2.o)
    0x080001a2   0x080001a2   0x00000000   Code   RO         4128    .ARM.Collect$$libinit$$0000002E  c_w.l(libinit2.o)
    0x080001a2   0x080001a2   0x00000000   Code   RO         4130    .ARM.Collect$$libinit$$00000030  c_w.l(libinit2.o)
    0x080001a2   0x080001a2   0x00000000   Code   RO         4132    .ARM.Collect$$libinit$$00000032  c_w.l(libinit2.o)
    0x080001a2   0x080001a2   0x00000002   Code   RO         4133    .ARM.Collect$$libinit$$00000033  c_w.l(libinit2.o)
    0x080001a4   0x080001a4   0x00000002   Code   RO         4153    .ARM.Collect$$libshutdown$$00000000  c_w.l(libshutdown.o)
    0x080001a6   0x080001a6   0x00000000   Code   RO         4166    .ARM.Collect$$libshutdown$$00000002  c_w.l(libshutdown2.o)
    0x080001a6   0x080001a6   0x00000000   Code   RO         4168    .ARM.Collect$$libshutdown$$00000004  c_w.l(libshutdown2.o)
    0x080001a6   0x080001a6   0x00000000   Code   RO         4171    .ARM.Collect$$libshutdown$$00000007  c_w.l(libshutdown2.o)
    0x080001a6   0x080001a6   0x00000000   Code   RO         4174    .ARM.Collect$$libshutdown$$0000000A  c_w.l(libshutdown2.o)
    0x080001a6   0x080001a6   0x00000000   Code   RO         4176    .ARM.Collect$$libshutdown$$0000000C  c_w.l(libshutdown2.o)
    0x080001a6   0x080001a6   0x00000000   Code   RO         4179    .ARM.Collect$$libshutdown$$0000000F  c_w.l(libshutdown2.o)
    0x080001a6   0x080001a6   0x00000002   Code   RO         4180    .ARM.Collect$$libshutdown$$00000010  c_w.l(libshutdown2.o)
    0x080001a8   0x080001a8   0x00000000   Code   RO         4058    .ARM.Collect$$rtentry$$00000000  c_w.l(__rtentry.o)
    0x080001a8   0x080001a8   0x00000000   Code   RO         4060    .ARM.Collect$$rtentry$$00000002  c_w.l(__rtentry2.o)
    0x080001a8   0x080001a8   0x00000006   Code   RO         4072    .ARM.Collect$$rtentry$$00000004  c_w.l(__rtentry4.o)
    0x080001ae   0x080001ae   0x00000000   Code   RO         4062    .ARM.Collect$$rtentry$$00000009  c_w.l(__rtentry2.o)
    0x080001ae   0x080001ae   0x00000004   Code   RO         4063    .ARM.Collect$$rtentry$$0000000A  c_w.l(__rtentry2.o)
    0x080001b2   0x080001b2   0x00000000   Code   RO         4065    .ARM.Collect$$rtentry$$0000000C  c_w.l(__rtentry2.o)
    0x080001b2   0x080001b2   0x00000008   Code   RO         4066    .ARM.Collect$$rtentry$$0000000D  c_w.l(__rtentry2.o)
    0x080001ba   0x080001ba   0x00000002   Code   RO         4087    .ARM.Collect$$rtexit$$00000000  c_w.l(rtexit.o)
    0x080001bc   0x080001bc   0x00000000   Code   RO         4135    .ARM.Collect$$rtexit$$00000002  c_w.l(rtexit2.o)
    0x080001bc   0x080001bc   0x00000004   Code   RO         4136    .ARM.Collect$$rtexit$$00000003  c_w.l(rtexit2.o)
    0x080001c0   0x080001c0   0x00000006   Code   RO         4137    .ARM.Collect$$rtexit$$00000004  c_w.l(rtexit2.o)
    0x080001c6   0x080001c6   0x00000002   PAD
    0x080001c8   0x080001c8   0x00000040   Code   RO            4    .text               startup_stm32f103xb.o
    0x08000208   0x08000208   0x00000064   Code   RO         4050    .text               c_w.l(rt_memcpy_w.o)
    0x0800026c   0x0800026c   0x0000004e   Code   RO         4052    .text               c_w.l(rt_memclr_w.o)
    0x080002ba   0x080002ba   0x00000006   Code   RO         4054    .text               c_w.l(heapauxi.o)
    0x080002c0   0x080002c0   0x0000004a   Code   RO         4074    .text               c_w.l(sys_stackheap_outer.o)
    0x0800030a   0x0800030a   0x00000012   Code   RO         4076    .text               c_w.l(exit.o)
    0x0800031c   0x0800031c   0x00000008   Code   RO         4084    .text               c_w.l(libspace.o)
    0x08000324   0x08000324   0x0000000c   Code   RO         4145    .text               c_w.l(sys_exit.o)
    0x08000330   0x08000330   0x00000002   Code   RO         4156    .text               c_w.l(use_no_semi.o)
    0x08000332   0x08000332   0x00000000   Code   RO         4158    .text               c_w.l(indicate_semi.o)
    0x08000332   0x08000332   0x00000002   PAD
    0x08000334   0x08000334   0x00000034   Code   RO           13    i.Bip               main.o
    0x08000368   0x08000368   0x00000002   Code   RO          250    i.BusFault_Handler  stm32f1xx_it.o
    0x0800036a   0x0800036a   0x00000004   Code   RO         3445    i.CUSTOM_HID_DeInit_FS  usbd_custom_hid_if.o
    0x0800036e   0x0800036e   0x00000004   Code   RO         3446    i.CUSTOM_HID_Init_FS  usbd_custom_hid_if.o
    0x08000372   0x08000372   0x00000002   PAD
    0x08000374   0x08000374   0x0000003c   Code   RO         3447    i.CUSTOM_HID_OutEvent_FS  usbd_custom_hid_if.o
    0x080003b0   0x080003b0   0x00000052   Code   RO           14    i.ConvertPass       main.o
    0x08000402   0x08000402   0x00000002   PAD
    0x08000404   0x08000404   0x0000000c   Code   RO          251    i.DMA1_Channel2_IRQHandler  stm32f1xx_it.o
    0x08000410   0x08000410   0x0000000c   Code   RO          252    i.DMA1_Channel5_IRQHandler  stm32f1xx_it.o
    0x0800041c   0x0800041c   0x0000002a   Code   RO         1284    i.DMA_SetConfig     stm32f1xx_hal_dma.o
    0x08000446   0x08000446   0x00000002   Code   RO          253    i.DebugMon_Handler  stm32f1xx_it.o
    0x08000448   0x08000448   0x00000004   Code   RO           15    i.Error_Handler     main.o
    0x0800044c   0x0800044c   0x00000154   Code   RO         1290    i.HAL_DMA_IRQHandler  stm32f1xx_hal_dma.o
    0x080005a0   0x080005a0   0x0000005c   Code   RO         1291    i.HAL_DMA_Init      stm32f1xx_hal_dma.o
    0x080005fc   0x080005fc   0x00000070   Code   RO         1295    i.HAL_DMA_Start_IT  stm32f1xx_hal_dma.o
    0x0800066c   0x0800066c   0x00000024   Code   RO          913    i.HAL_Delay         stm32f1xx_hal.o
    0x08000690   0x08000690   0x000001e0   Code   RO         1221    i.HAL_GPIO_Init     stm32f1xx_hal_gpio.o
    0x08000870   0x08000870   0x0000000a   Code   RO         1223    i.HAL_GPIO_ReadPin  stm32f1xx_hal_gpio.o
    0x0800087a   0x0800087a   0x0000000a   Code   RO         1225    i.HAL_GPIO_WritePin  stm32f1xx_hal_gpio.o
    0x08000884   0x08000884   0x0000000c   Code   RO          917    i.HAL_GetTick       stm32f1xx_hal.o
    0x08000890   0x08000890   0x00000188   Code   RO         1892    i.HAL_I2C_Init      stm32f1xx_hal_i2c.o
    0x08000a18   0x08000a18   0x00000244   Code   RO         1898    i.HAL_I2C_Master_Receive  stm32f1xx_hal_i2c.o
    0x08000c5c   0x08000c5c   0x0000012c   Code   RO         1905    i.HAL_I2C_Master_Transmit  stm32f1xx_hal_i2c.o
    0x08000d88   0x08000d88   0x0000005c   Code   RO          351    i.HAL_I2C_MspInit   stm32f1xx_hal_msp.o
    0x08000de4   0x08000de4   0x00000010   Code   RO          923    i.HAL_IncTick       stm32f1xx_hal.o
    0x08000df4   0x08000df4   0x00000024   Code   RO          924    i.HAL_Init          stm32f1xx_hal.o
    0x08000e18   0x08000e18   0x00000040   Code   RO          925    i.HAL_InitTick      stm32f1xx_hal.o
    0x08000e58   0x08000e58   0x0000003c   Code   RO          352    i.HAL_MspInit       stm32f1xx_hal_msp.o
    0x08000e94   0x08000e94   0x0000001a   Code   RO         1381    i.HAL_NVIC_EnableIRQ  stm32f1xx_hal_cortex.o
    0x08000eae   0x08000eae   0x00000002   PAD
    0x08000eb0   0x08000eb0   0x00000040   Code   RO         1387    i.HAL_NVIC_SetPriority  stm32f1xx_hal_cortex.o
    0x08000ef0   0x08000ef0   0x00000024   Code   RO         1388    i.HAL_NVIC_SetPriorityGrouping  stm32f1xx_hal_cortex.o
    0x08000f14   0x08000f14   0x0000003c   Code   RO          686    i.HAL_PCDEx_PMAConfig  stm32f1xx_hal_pcd_ex.o
    0x08000f50   0x08000f50   0x00000002   Code   RO         3487    i.HAL_PCDEx_SetConnectionState  usbd_conf.o
    0x08000f52   0x08000f52   0x00000012   Code   RO         3489    i.HAL_PCD_DataInStageCallback  usbd_conf.o
    0x08000f64   0x08000f64   0x00000014   Code   RO         3490    i.HAL_PCD_DataOutStageCallback  usbd_conf.o
    0x08000f78   0x08000f78   0x0000004c   Code   RO          462    i.HAL_PCD_EP_Close  stm32f1xx_hal_pcd.o
    0x08000fc4   0x08000fc4   0x0000005c   Code   RO          463    i.HAL_PCD_EP_ClrStall  stm32f1xx_hal_pcd.o
    0x08001020   0x08001020   0x000000e6   Code   RO          464    i.HAL_PCD_EP_DB_Receive  stm32f1xx_hal_pcd.o
    0x08001106   0x08001106   0x00000330   Code   RO          465    i.HAL_PCD_EP_DB_Transmit  stm32f1xx_hal_pcd.o
    0x08001436   0x08001436   0x00000060   Code   RO          468    i.HAL_PCD_EP_Open   stm32f1xx_hal_pcd.o
    0x08001496   0x08001496   0x00000032   Code   RO          469    i.HAL_PCD_EP_Receive  stm32f1xx_hal_pcd.o
    0x080014c8   0x080014c8   0x00000072   Code   RO          470    i.HAL_PCD_EP_SetStall  stm32f1xx_hal_pcd.o
    0x0800153a   0x0800153a   0x00000034   Code   RO          471    i.HAL_PCD_EP_Transmit  stm32f1xx_hal_pcd.o
    0x0800156e   0x0800156e   0x00000154   Code   RO          473    i.HAL_PCD_IRQHandler  stm32f1xx_hal_pcd.o
    0x080016c2   0x080016c2   0x00000002   PAD
    0x080016c4   0x080016c4   0x000000da   Code   RO          476    i.HAL_PCD_Init      stm32f1xx_hal_pcd.o
    0x0800179e   0x0800179e   0x00000002   PAD
    0x080017a0   0x080017a0   0x0000003c   Code   RO         3495    i.HAL_PCD_MspInit   usbd_conf.o
    0x080017dc   0x080017dc   0x00000026   Code   RO         3496    i.HAL_PCD_ResetCallback  usbd_conf.o
    0x08001802   0x08001802   0x00000008   Code   RO         3497    i.HAL_PCD_ResumeCallback  usbd_conf.o
    0x0800180a   0x0800180a   0x00000008   Code   RO         3498    i.HAL_PCD_SOFCallback  usbd_conf.o
    0x08001812   0x08001812   0x00000028   Code   RO          482    i.HAL_PCD_SetAddress  stm32f1xx_hal_pcd.o
    0x0800183a   0x0800183a   0x0000000e   Code   RO         3499    i.HAL_PCD_SetupStageCallback  usbd_conf.o
    0x08001848   0x08001848   0x00000032   Code   RO          484    i.HAL_PCD_Start     stm32f1xx_hal_pcd.o
    0x0800187a   0x0800187a   0x00000002   PAD
    0x0800187c   0x0800187c   0x00000024   Code   RO         3500    i.HAL_PCD_SuspendCallback  usbd_conf.o
    0x080018a0   0x080018a0   0x000000ec   Code   RO         1184    i.HAL_RCCEx_PeriphCLKConfig  stm32f1xx_hal_rcc_ex.o
    0x0800198c   0x0800198c   0x0000012c   Code   RO         1081    i.HAL_RCC_ClockConfig  stm32f1xx_hal_rcc.o
    0x08001ab8   0x08001ab8   0x00000020   Code   RO         1088    i.HAL_RCC_GetPCLK1Freq  stm32f1xx_hal_rcc.o
    0x08001ad8   0x08001ad8   0x0000006c   Code   RO         1090    i.HAL_RCC_GetSysClockFreq  stm32f1xx_hal_rcc.o
    0x08001b44   0x08001b44   0x00000320   Code   RO         1093    i.HAL_RCC_OscConfig  stm32f1xx_hal_rcc.o
    0x08001e64   0x08001e64   0x00000028   Code   RO         1392    i.HAL_SYSTICK_Config  stm32f1xx_hal_cortex.o
    0x08001e8c   0x08001e8c   0x00000002   Code   RO         3019    i.HAL_TIMEx_BreakCallback  stm32f1xx_hal_tim_ex.o
    0x08001e8e   0x08001e8e   0x00000002   Code   RO         3020    i.HAL_TIMEx_CommutCallback  stm32f1xx_hal_tim_ex.o
    0x08001e90   0x08001e90   0x00000068   Code   RO         3038    i.HAL_TIMEx_MasterConfigSynchronization  stm32f1xx_hal_tim_ex.o
    0x08001ef8   0x08001ef8   0x0000005a   Code   RO         2315    i.HAL_TIM_Base_Init  stm32f1xx_hal_tim.o
    0x08001f52   0x08001f52   0x00000002   PAD
    0x08001f54   0x08001f54   0x00000038   Code   RO          354    i.HAL_TIM_Base_MspInit  stm32f1xx_hal_msp.o
    0x08001f8c   0x08001f8c   0x000000d6   Code   RO         2324    i.HAL_TIM_ConfigClockSource  stm32f1xx_hal_tim.o
    0x08002062   0x08002062   0x00000002   Code   RO         2345    i.HAL_TIM_ErrorCallback  stm32f1xx_hal_tim.o
    0x08002064   0x08002064   0x00000002   Code   RO         2349    i.HAL_TIM_IC_CaptureCallback  stm32f1xx_hal_tim.o
    0x08002066   0x08002066   0x00000166   Code   RO         2363    i.HAL_TIM_IRQHandler  stm32f1xx_hal_tim.o
    0x080021cc   0x080021cc   0x000000a8   Code   RO          355    i.HAL_TIM_MspPostInit  stm32f1xx_hal_msp.o
    0x08002274   0x08002274   0x00000002   Code   RO         2366    i.HAL_TIM_OC_DelayElapsedCallback  stm32f1xx_hal_tim.o
    0x08002276   0x08002276   0x000000c6   Code   RO         2387    i.HAL_TIM_PWM_ConfigChannel  stm32f1xx_hal_tim.o
    0x0800233c   0x0800233c   0x0000005a   Code   RO         2390    i.HAL_TIM_PWM_Init  stm32f1xx_hal_tim.o
    0x08002396   0x08002396   0x00000002   PAD
    0x08002398   0x08002398   0x00000094   Code   RO          357    i.HAL_TIM_PWM_MspInit  stm32f1xx_hal_msp.o
    0x0800242c   0x0800242c   0x00000002   Code   RO         2393    i.HAL_TIM_PWM_PulseFinishedCallback  stm32f1xx_hal_tim.o
    0x0800242e   0x0800242e   0x00000002   Code   RO         2394    i.HAL_TIM_PWM_PulseFinishedHalfCpltCallback  stm32f1xx_hal_tim.o
    0x08002430   0x08002430   0x00000184   Code   RO         2396    i.HAL_TIM_PWM_Start_DMA  stm32f1xx_hal_tim.o
    0x080025b4   0x080025b4   0x000000c4   Code   RO         2397    i.HAL_TIM_PWM_Start_IT  stm32f1xx_hal_tim.o
    0x08002678   0x08002678   0x000000a4   Code   RO         2400    i.HAL_TIM_PWM_Stop_IT  stm32f1xx_hal_tim.o
    0x0800271c   0x0800271c   0x00000002   Code   RO         2401    i.HAL_TIM_PeriodElapsedCallback  stm32f1xx_hal_tim.o
    0x0800271e   0x0800271e   0x00000002   Code   RO         2406    i.HAL_TIM_TriggerCallback  stm32f1xx_hal_tim.o
    0x08002720   0x08002720   0x00000002   Code   RO          254    i.HardFault_Handler  stm32f1xx_it.o
    0x08002722   0x08002722   0x0000002e   Code   RO         1934    i.I2C_IsAcknowledgeFailed  stm32f1xx_hal_i2c.o
    0x08002750   0x08002750   0x000000ec   Code   RO         1937    i.I2C_MasterRequestRead  stm32f1xx_hal_i2c.o
    0x0800283c   0x0800283c   0x0000009c   Code   RO         1938    i.I2C_MasterRequestWrite  stm32f1xx_hal_i2c.o
    0x080028d8   0x080028d8   0x0000004c   Code   RO         1949    i.I2C_WaitOnBTFFlagUntilTimeout  stm32f1xx_hal_i2c.o
    0x08002924   0x08002924   0x00000068   Code   RO         1950    i.I2C_WaitOnFlagUntilTimeout  stm32f1xx_hal_i2c.o
    0x0800298c   0x0800298c   0x00000096   Code   RO         1951    i.I2C_WaitOnMasterAddressFlagUntilTimeout  stm32f1xx_hal_i2c.o
    0x08002a22   0x08002a22   0x00000066   Code   RO         1952    i.I2C_WaitOnRXNEFlagUntilTimeout  stm32f1xx_hal_i2c.o
    0x08002a88   0x08002a88   0x0000004c   Code   RO         1953    i.I2C_WaitOnTXEFlagUntilTimeout  stm32f1xx_hal_i2c.o
    0x08002ad4   0x08002ad4   0x00000038   Code   RO         3359    i.IntToUnicode      usbd_desc.o
    0x08002b0c   0x08002b0c   0x000000b8   Code   RO           16    i.MX_GPIO_Init      main.o
    0x08002bc4   0x08002bc4   0x00000098   Code   RO           17    i.MX_TIM2_Init      main.o
    0x08002c5c   0x08002c5c   0x0000006c   Code   RO           18    i.MX_TIM3_Init      main.o
    0x08002cc8   0x08002cc8   0x0000006c   Code   RO           19    i.MX_TIM4_Init      main.o
    0x08002d34   0x08002d34   0x00000054   Code   RO         3324    i.MX_USB_DEVICE_Init  usb_device.o
    0x08002d88   0x08002d88   0x00000002   Code   RO          255    i.MemManage_Handler  stm32f1xx_it.o
    0x08002d8a   0x08002d8a   0x00000002   Code   RO          256    i.NMI_Handler       stm32f1xx_it.o
    0x08002d8c   0x08002d8c   0x00000314   Code   RO          488    i.PCD_EP_ISR_Handler  stm32f1xx_hal_pcd.o
    0x080030a0   0x080030a0   0x00000002   Code   RO          257    i.PendSV_Handler    stm32f1xx_it.o
    0x080030a2   0x080030a2   0x00000002   Code   RO          258    i.SVC_Handler       stm32f1xx_it.o
    0x080030a4   0x080030a4   0x00000004   Code   RO          259    i.SysTick_Handler   stm32f1xx_it.o
    0x080030a8   0x080030a8   0x00000076   Code   RO           20    i.SystemClock_Config  main.o
    0x0800311e   0x0800311e   0x00000002   Code   RO         3287    i.SystemInit        system_stm32f1xx.o
    0x08003120   0x08003120   0x0000001c   Code   RO          260    i.TIM2_IRQHandler   stm32f1xx_it.o
    0x0800313c   0x0800313c   0x0000006c   Code   RO         2408    i.TIM_Base_SetConfig  stm32f1xx_hal_tim.o
    0x080031a8   0x080031a8   0x0000001a   Code   RO         2409    i.TIM_CCxChannelCmd  stm32f1xx_hal_tim.o
    0x080031c2   0x080031c2   0x0000005e   Code   RO         2412    i.TIM_DMADelayPulseCplt  stm32f1xx_hal_tim.o
    0x08003220   0x08003220   0x00000038   Code   RO         2413    i.TIM_DMADelayPulseHalfCplt  stm32f1xx_hal_tim.o
    0x08003258   0x08003258   0x00000054   Code   RO         2414    i.TIM_DMAError      stm32f1xx_hal_tim.o
    0x080032ac   0x080032ac   0x00000014   Code   RO         2419    i.TIM_ETR_SetConfig  stm32f1xx_hal_tim.o
    0x080032c0   0x080032c0   0x00000010   Code   RO         2420    i.TIM_ITRx_SetConfig  stm32f1xx_hal_tim.o
    0x080032d0   0x080032d0   0x00000050   Code   RO         2421    i.TIM_OC1_SetConfig  stm32f1xx_hal_tim.o
    0x08003320   0x08003320   0x00000058   Code   RO         2422    i.TIM_OC2_SetConfig  stm32f1xx_hal_tim.o
    0x08003378   0x08003378   0x00000058   Code   RO         2423    i.TIM_OC3_SetConfig  stm32f1xx_hal_tim.o
    0x080033d0   0x080033d0   0x00000044   Code   RO         2424    i.TIM_OC4_SetConfig  stm32f1xx_hal_tim.o
    0x08003414   0x08003414   0x00000022   Code   RO         2426    i.TIM_TI1_ConfigInputStage  stm32f1xx_hal_tim.o
    0x08003436   0x08003436   0x00000024   Code   RO         2428    i.TIM_TI2_ConfigInputStage  stm32f1xx_hal_tim.o
    0x0800345a   0x0800345a   0x0000000e   Code   RO         3962    i.USBD_CUSTOM_HID_DataIn  usbd_customhid.o
    0x08003468   0x08003468   0x00000024   Code   RO         3963    i.USBD_CUSTOM_HID_DataOut  usbd_customhid.o
    0x0800348c   0x0800348c   0x00000038   Code   RO         3964    i.USBD_CUSTOM_HID_DeInit  usbd_customhid.o
    0x080034c4   0x080034c4   0x00000022   Code   RO         3965    i.USBD_CUSTOM_HID_EP0_RxReady  usbd_customhid.o
    0x080034e6   0x080034e6   0x00000002   PAD
    0x080034e8   0x080034e8   0x0000000c   Code   RO         3966    i.USBD_CUSTOM_HID_GetDeviceQualifierDesc  usbd_customhid.o
    0x080034f4   0x080034f4   0x0000000c   Code   RO         3967    i.USBD_CUSTOM_HID_GetFSCfgDesc  usbd_customhid.o
    0x08003500   0x08003500   0x0000000c   Code   RO         3968    i.USBD_CUSTOM_HID_GetHSCfgDesc  usbd_customhid.o
    0x0800350c   0x0800350c   0x0000000c   Code   RO         3969    i.USBD_CUSTOM_HID_GetOtherSpeedCfgDesc  usbd_customhid.o
    0x08003518   0x08003518   0x00000054   Code   RO         3970    i.USBD_CUSTOM_HID_Init  usbd_customhid.o
    0x0800356c   0x0800356c   0x00000010   Code   RO         3971    i.USBD_CUSTOM_HID_RegisterInterface  usbd_customhid.o
    0x0800357c   0x0800357c   0x0000002c   Code   RO         3972    i.USBD_CUSTOM_HID_SendReport  usbd_customhid.o
    0x080035a8   0x080035a8   0x000000e0   Code   RO         3973    i.USBD_CUSTOM_HID_Setup  usbd_customhid.o
    0x08003688   0x08003688   0x0000000e   Code   RO         3699    i.USBD_ClrClassConfig  usbd_core.o
    0x08003696   0x08003696   0x00000010   Code   RO         3902    i.USBD_CtlContinueRx  usbd_ioreq.o
    0x080036a6   0x080036a6   0x00000010   Code   RO         3903    i.USBD_CtlContinueSendData  usbd_ioreq.o
    0x080036b6   0x080036b6   0x00000016   Code   RO         3837    i.USBD_CtlError     usbd_ctlreq.o
    0x080036cc   0x080036cc   0x0000001e   Code   RO         3904    i.USBD_CtlPrepareRx  usbd_ioreq.o
    0x080036ea   0x080036ea   0x00000016   Code   RO         3905    i.USBD_CtlReceiveStatus  usbd_ioreq.o
    0x08003700   0x08003700   0x0000001a   Code   RO         3906    i.USBD_CtlSendData  usbd_ioreq.o
    0x0800371a   0x0800371a   0x00000016   Code   RO         3907    i.USBD_CtlSendStatus  usbd_ioreq.o
    0x08003730   0x08003730   0x00000028   Code   RO         3360    i.USBD_FS_ConfigStrDescriptor  usbd_desc.o
    0x08003758   0x08003758   0x0000000c   Code   RO         3361    i.USBD_FS_DeviceDescriptor  usbd_desc.o
    0x08003764   0x08003764   0x0000002c   Code   RO         3362    i.USBD_FS_InterfaceStrDescriptor  usbd_desc.o
    0x08003790   0x08003790   0x0000000c   Code   RO         3363    i.USBD_FS_LangIDStrDescriptor  usbd_desc.o
    0x0800379c   0x0800379c   0x00000024   Code   RO         3364    i.USBD_FS_ManufacturerStrDescriptor  usbd_desc.o
    0x080037c0   0x080037c0   0x00000034   Code   RO         3365    i.USBD_FS_ProductStrDescriptor  usbd_desc.o
    0x080037f4   0x080037f4   0x00000038   Code   RO         3366    i.USBD_FS_SerialStrDescriptor  usbd_desc.o
    0x0800382c   0x0800382c   0x000000e8   Code   RO         3838    i.USBD_GetDescriptor  usbd_ctlreq.o
    0x08003914   0x08003914   0x00000048   Code   RO         3839    i.USBD_GetString    usbd_ctlreq.o
    0x0800395c   0x0800395c   0x00000018   Code   RO         3501    i.USBD_Get_USB_Status  usbd_conf.o
    0x08003974   0x08003974   0x0000002a   Code   RO         3701    i.USBD_Init         usbd_core.o
    0x0800399e   0x0800399e   0x00000012   Code   RO         3502    i.USBD_LL_ClearStallEP  usbd_conf.o
    0x080039b0   0x080039b0   0x00000012   Code   RO         3503    i.USBD_LL_CloseEP   usbd_conf.o
    0x080039c2   0x080039c2   0x000000c6   Code   RO         3702    i.USBD_LL_DataInStage  usbd_core.o
    0x08003a88   0x08003a88   0x00000082   Code   RO         3703    i.USBD_LL_DataOutStage  usbd_core.o
    0x08003b0a   0x08003b0a   0x00000002   PAD
    0x08003b0c   0x08003b0c   0x00000070   Code   RO         3508    i.USBD_LL_Init      usbd_conf.o
    0x08003b7c   0x08003b7c   0x00000020   Code   RO         3509    i.USBD_LL_IsStallEP  usbd_conf.o
    0x08003b9c   0x08003b9c   0x00000018   Code   RO         3510    i.USBD_LL_OpenEP    usbd_conf.o
    0x08003bb4   0x08003bb4   0x00000012   Code   RO         3511    i.USBD_LL_PrepareReceive  usbd_conf.o
    0x08003bc6   0x08003bc6   0x00000050   Code   RO         3708    i.USBD_LL_Reset     usbd_core.o
    0x08003c16   0x08003c16   0x00000014   Code   RO         3709    i.USBD_LL_Resume    usbd_core.o
    0x08003c2a   0x08003c2a   0x00000018   Code   RO         3710    i.USBD_LL_SOF       usbd_core.o
    0x08003c42   0x08003c42   0x00000006   Code   RO         3711    i.USBD_LL_SetSpeed  usbd_core.o
    0x08003c48   0x08003c48   0x00000012   Code   RO         3512    i.USBD_LL_SetUSBAddress  usbd_conf.o
    0x08003c5a   0x08003c5a   0x0000005a   Code   RO         3712    i.USBD_LL_SetupStage  usbd_core.o
    0x08003cb4   0x08003cb4   0x00000012   Code   RO         3513    i.USBD_LL_StallEP   usbd_conf.o
    0x08003cc6   0x08003cc6   0x00000012   Code   RO         3514    i.USBD_LL_Start     usbd_conf.o
    0x08003cd8   0x08003cd8   0x00000012   Code   RO         3713    i.USBD_LL_Suspend   usbd_core.o
    0x08003cea   0x08003cea   0x00000012   Code   RO         3516    i.USBD_LL_Transmit  usbd_conf.o
    0x08003cfc   0x08003cfc   0x00000028   Code   RO         3840    i.USBD_ParseSetupRequest  usbd_ctlreq.o
    0x08003d24   0x08003d24   0x00000010   Code   RO         3714    i.USBD_RegisterClass  usbd_core.o
    0x08003d34   0x08003d34   0x00000016   Code   RO         3716    i.USBD_SetClassConfig  usbd_core.o
    0x08003d4a   0x08003d4a   0x00000002   PAD
    0x08003d4c   0x08003d4c   0x00000084   Code   RO         3841    i.USBD_SetConfig    usbd_ctlreq.o
    0x08003dd0   0x08003dd0   0x0000000a   Code   RO         3717    i.USBD_Start        usbd_core.o
    0x08003dda   0x08003dda   0x00000112   Code   RO         3842    i.USBD_StdDevReq    usbd_ctlreq.o
    0x08003eec   0x08003eec   0x00000150   Code   RO         3843    i.USBD_StdEPReq     usbd_ctlreq.o
    0x0800403c   0x0800403c   0x0000004e   Code   RO         3844    i.USBD_StdItfReq    usbd_ctlreq.o
    0x0800408a   0x0800408a   0x00000002   Code   RO         3517    i.USBD_static_free  usbd_conf.o
    0x0800408c   0x0800408c   0x00000008   Code   RO         3518    i.USBD_static_malloc  usbd_conf.o
    0x08004094   0x08004094   0x00000258   Code   RO          726    i.USB_ActivateEndpoint  stm32f1xx_ll_usb.o
    0x080042ec   0x080042ec   0x00000004   Code   RO          729    i.USB_CoreInit      stm32f1xx_ll_usb.o
    0x080042f0   0x080042f0   0x0000010e   Code   RO          731    i.USB_DeactivateEndpoint  stm32f1xx_ll_usb.o
    0x080043fe   0x080043fe   0x00000004   Code   RO          732    i.USB_DevConnect    stm32f1xx_ll_usb.o
    0x08004402   0x08004402   0x00000004   Code   RO          733    i.USB_DevDisconnect  stm32f1xx_ll_usb.o
    0x08004406   0x08004406   0x00000012   Code   RO          734    i.USB_DevInit       stm32f1xx_ll_usb.o
    0x08004418   0x08004418   0x0000000e   Code   RO          735    i.USB_DisableGlobalInt  stm32f1xx_ll_usb.o
    0x08004426   0x08004426   0x00000004   Code   RO          736    i.USB_EP0_OutStart  stm32f1xx_ll_usb.o
    0x0800442a   0x0800442a   0x00000078   Code   RO          737    i.USB_EPClearStall  stm32f1xx_ll_usb.o
    0x080044a2   0x080044a2   0x00000032   Code   RO          738    i.USB_EPSetStall    stm32f1xx_ll_usb.o
    0x080044d4   0x080044d4   0x0000060c   Code   RO          739    i.USB_EPStartXfer   stm32f1xx_ll_usb.o
    0x08004ae0   0x08004ae0   0x00000012   Code   RO          740    i.USB_EnableGlobalInt  stm32f1xx_ll_usb.o
    0x08004af2   0x08004af2   0x00000002   PAD
    0x08004af4   0x08004af4   0x0000000c   Code   RO          261    i.USB_LP_CAN1_RX0_IRQHandler  stm32f1xx_it.o
    0x08004b00   0x08004b00   0x00000006   Code   RO          747    i.USB_ReadInterrupts  stm32f1xx_ll_usb.o
    0x08004b06   0x08004b06   0x00000002   PAD
    0x08004b08   0x08004b08   0x0000002c   Code   RO          748    i.USB_ReadPMA       stm32f1xx_ll_usb.o
    0x08004b34   0x08004b34   0x00000004   Code   RO          749    i.USB_SetCurrentMode  stm32f1xx_ll_usb.o
    0x08004b38   0x08004b38   0x0000000c   Code   RO          750    i.USB_SetDevAddress  stm32f1xx_ll_usb.o
    0x08004b44   0x08004b44   0x00000026   Code   RO          752    i.USB_WritePMA      stm32f1xx_ll_usb.o
    0x08004b6a   0x08004b6a   0x00000002   Code   RO          262    i.UsageFault_Handler  stm32f1xx_it.o
    0x08004b6c   0x08004b6c   0x00000020   Code   RO         1394    i.__NVIC_SetPriority  stm32f1xx_hal_cortex.o
    0x08004b8c   0x08004b8c   0x00000034   Code   RO           21    i.checkLight        main.o
    0x08004bc0   0x08004bc0   0x000000bc   Code   RO           22    i.checkPinPad       main.o
    0x08004c7c   0x08004c7c   0x00000264   Code   RO           23    i.main              main.o
    0x08004ee0   0x08004ee0   0x00000040   Code   RO           24    i.ws2811_init       main.o
    0x08004f20   0x08004f20   0x00000090   Code   RO           25    i.ws2811_setcolor   main.o
    0x08004fb0   0x08004fb0   0x00000090   Code   RO           26    i.ws2811_setcolor_1  main.o
    0x08005040   0x08005040   0x00000010   Data   RO         3288    .constdata          system_stm32f1xx.o
    0x08005050   0x08005050   0x00000008   Data   RO         3289    .constdata          system_stm32f1xx.o
    0x08005058   0x08005058   0x00000020   Data   RO         4211    Region$$Table       anon$$obj.o


    Execution Region RW_IRAM1 (Exec base: 0x20000000, Load base: 0x08005078, Size: 0x00001668, Max: 0x00005000, ABSOLUTE, COMPRESSED[0x000000ec])

    Exec Addr    Load Addr    Size         Type   Attr      Idx    E Section Name        Object

    0x20000000   COMPRESSED   0x00000028   Data   RW           30    .data               main.o
    0x20000028   COMPRESSED   0x0000000c   Data   RW          931    .data               stm32f1xx_hal.o
    0x20000034   COMPRESSED   0x00000004   Data   RW         3290    .data               system_stm32f1xx.o
    0x20000038   COMPRESSED   0x0000001c   Data   RW         3368    .data               usbd_desc.o
    0x20000054   COMPRESSED   0x00000032   Data   RW         3369    .data               usbd_desc.o
    0x20000086   COMPRESSED   0x00000002   PAD
    0x20000088   COMPRESSED   0x0000006c   Data   RW         3448    .data               usbd_custom_hid_if.o
    0x200000f4   COMPRESSED   0x00000010   Data   RW         3449    .data               usbd_custom_hid_if.o
    0x20000104   COMPRESSED   0x00000004   Data   RW         3450    .data               usbd_custom_hid_if.o
    0x20000108   COMPRESSED   0x00000001   Data   RW         3845    .data               usbd_ctlreq.o
    0x20000109   COMPRESSED   0x00000003   PAD
    0x2000010c   COMPRESSED   0x00000038   Data   RW         3974    .data               usbd_customhid.o
    0x20000144   COMPRESSED   0x0000009a   Data   RW         3975    .data               usbd_customhid.o
    0x200001de   COMPRESSED   0x00000002   PAD
    0x200001e0        -       0x000005c1   Zero   RW           27    .bss                main.o
    0x200007a1   COMPRESSED   0x00000003   PAD
    0x200007a4        -       0x00000044   Zero   RW           28    .bss                main.o
    0x200007e8        -       0x00000044   Zero   RW           29    .bss                main.o
    0x2000082c        -       0x000002c4   Zero   RW         3325    .bss                usb_device.o
    0x20000af0        -       0x00000200   Zero   RW         3367    .bss                usbd_desc.o
    0x20000cf0        -       0x00000318   Zero   RW         3519    .bss                usbd_conf.o
    0x20001008        -       0x00000060   Zero   RW         4085    .bss                c_w.l(libspace.o)
    0x20001068        -       0x00000200   Zero   RW            2    HEAP                startup_stm32f103xb.o
    0x20001268        -       0x00000400   Zero   RW            1    STACK               startup_stm32f103xb.o


==============================================================================

Image component sizes


      Code (inc. data)   RO Data    RW Data    ZI Data      Debug   Object Name

      2012        136          0         40       1609     454598   main.o
        64         26        236          0       1536        796   startup_stm32f103xb.o
       164         28          0         12          0       5773   stm32f1xx_hal.o
       198         14          0          0          0      28839   stm32f1xx_hal_cortex.o
       586         32          0          0          0       3515   stm32f1xx_hal_dma.o
       500         34          0          0          0       3455   stm32f1xx_hal_gpio.o
      2218         54          0          0          0      12138   stm32f1xx_hal_i2c.o
       524         74          0          0          0       3693   stm32f1xx_hal_msp.o
      2962          0          0          0          0      13053   stm32f1xx_hal_pcd.o
        60          0          0          0          0       1142   stm32f1xx_hal_pcd_ex.o
      1240         88          0          0          0       4545   stm32f1xx_hal_rcc.o
       236         12          0          0          0       1348   stm32f1xx_hal_rcc_ex.o
      2510         76          0          0          0      19880   stm32f1xx_hal_tim.o
       108         12          0          0          0       2305   stm32f1xx_hal_tim_ex.o
        84         28          0          0          0       5471   stm32f1xx_it.o
      2758          0          0          0          0      16267   stm32f1xx_ll_usb.o
         2          0         24          4          0       1071   system_stm32f1xx.o
        84         18          0          0        708        760   usb_device.o
       532         28          0          0        792      13277   usbd_conf.o
       670          0          0          0          0       9239   usbd_core.o
      1186         28          0          1          0       7772   usbd_ctlreq.o
        68         14          0        128          0       2218   usbd_custom_hid_if.o
       556         32          0        210          0      10543   usbd_customhid.o
       308        124          0         78        512       5773   usbd_desc.o
       132          0          0          0          0       4212   usbd_ioreq.o

    ----------------------------------------------------------------------
     19788        858        292        480       5160     631683   Object Totals
         0          0         32          0          0          0   (incl. Generated)
        26          0          0          7          3          0   (incl. Padding)

    ----------------------------------------------------------------------

      Code (inc. data)   RO Data    RW Data    ZI Data      Debug   Library Member Name

        90          0          0          0          0          0   __dczerorl2.o
         8          0          0          0          0         68   __main.o
         0          0          0          0          0          0   __rtentry.o
        12          0          0          0          0          0   __rtentry2.o
         6          0          0          0          0          0   __rtentry4.o
        52          8          0          0          0          0   __scatter.o
        28          0          0          0          0          0   __scatter_zi.o
        18          0          0          0          0         80   exit.o
         6          0          0          0          0        152   heapauxi.o
         0          0          0          0          0          0   indicate_semi.o
         2          0          0          0          0          0   libinit.o
         2          0          0          0          0          0   libinit2.o
         2          0          0          0          0          0   libshutdown.o
         2          0          0          0          0          0   libshutdown2.o
         8          4          0          0         96         68   libspace.o
        78          0          0          0          0         80   rt_memclr_w.o
       100          0          0          0          0         80   rt_memcpy_w.o
         2          0          0          0          0          0   rtexit.o
        10          0          0          0          0          0   rtexit2.o
        12          4          0          0          0         68   sys_exit.o
        74          0          0          0          0         80   sys_stackheap_outer.o
         2          0          0          0          0         68   use_no_semi.o

    ----------------------------------------------------------------------
       520         16          0          0         96        744   Library Totals
         6          0          0          0          0          0   (incl. Padding)

    ----------------------------------------------------------------------

      Code (inc. data)   RO Data    RW Data    ZI Data      Debug   Library Name

       514         16          0          0         96        744   c_w.l

    ----------------------------------------------------------------------
       520         16          0          0         96        744   Library Totals

    ----------------------------------------------------------------------

==============================================================================


      Code (inc. data)   RO Data    RW Data    ZI Data      Debug   

     20308        874        292        480       5256     622023   Grand Totals
     20308        874        292        236       5256     622023   ELF Image Totals (compressed)
     20308        874        292        236          0          0   ROM Totals

==============================================================================

    Total RO  Size (Code + RO Data)                20600 (  20.12kB)
    Total RW  Size (RW Data + ZI Data)              5736 (   5.60kB)
    Total ROM Size (Code + RO Data + RW Data)      20836 (  20.35kB)

==============================================================================

